INFO 2024-06-07 17:48:03,576 autoreload Watching for file changes with StatReloader
INFO 2024-06-07 17:48:11,754 basehttp "GET /admin/review_system/productreviews/ HTTP/1.1" 200 18847
INFO 2024-06-07 17:48:11,793 basehttp "GET /admin/jsi18n/ HTTP/1.1" 200 3342
ERROR 2024-06-07 17:48:13,440 log Internal Server Error: /admin/review_system/reviewsettings/
Traceback (most recent call last):
  File "E:\VE\Edwin Bleeker Review System\advanced_review_system\venv\Lib\site-packages\django\db\backends\utils.py", line 105, in _execute
    return self.cursor.execute(sql, params)
           ^^^^^^^^^^^^^^^^^^^^^^^^^^^^^^^^
  File "E:\VE\Edwin Bleeker Review System\advanced_review_system\venv\Lib\site-packages\django\db\backends\sqlite3\base.py", line 328, in execute
    return super().execute(query, params)
           ^^^^^^^^^^^^^^^^^^^^^^^^^^^^^^
sqlite3.OperationalError: no such table: review_system_reviewsettings

The above exception was the direct cause of the following exception:

Traceback (most recent call last):
  File "E:\VE\Edwin Bleeker Review System\advanced_review_system\venv\Lib\site-packages\django\core\handlers\exception.py", line 55, in inner
    response = get_response(request)
               ^^^^^^^^^^^^^^^^^^^^^
  File "E:\VE\Edwin Bleeker Review System\advanced_review_system\venv\Lib\site-packages\django\core\handlers\base.py", line 197, in _get_response
    response = wrapped_callback(request, *callback_args, **callback_kwargs)
               ^^^^^^^^^^^^^^^^^^^^^^^^^^^^^^^^^^^^^^^^^^^^^^^^^^^^^^^^^^^^
  File "E:\VE\Edwin Bleeker Review System\advanced_review_system\venv\Lib\site-packages\django\contrib\admin\options.py", line 714, in wrapper
    return self.admin_site.admin_view(view)(*args, **kwargs)
           ^^^^^^^^^^^^^^^^^^^^^^^^^^^^^^^^^^^^^^^^^^^^^^^^^
  File "E:\VE\Edwin Bleeker Review System\advanced_review_system\venv\Lib\site-packages\django\utils\decorators.py", line 188, in _view_wrapper
    result = _process_exception(request, e)
             ^^^^^^^^^^^^^^^^^^^^^^^^^^^^^^
  File "E:\VE\Edwin Bleeker Review System\advanced_review_system\venv\Lib\site-packages\django\utils\decorators.py", line 186, in _view_wrapper
    response = view_func(request, *args, **kwargs)
               ^^^^^^^^^^^^^^^^^^^^^^^^^^^^^^^^^^^
  File "E:\VE\Edwin Bleeker Review System\advanced_review_system\venv\Lib\site-packages\django\views\decorators\cache.py", line 80, in _view_wrapper
    response = view_func(request, *args, **kwargs)
               ^^^^^^^^^^^^^^^^^^^^^^^^^^^^^^^^^^^
  File "E:\VE\Edwin Bleeker Review System\advanced_review_system\venv\Lib\site-packages\django\contrib\admin\sites.py", line 240, in inner
    return view(request, *args, **kwargs)
           ^^^^^^^^^^^^^^^^^^^^^^^^^^^^^^
  File "E:\VE\Edwin Bleeker Review System\advanced_review_system\venv\Lib\site-packages\django\utils\decorators.py", line 48, in _wrapper
    return bound_method(*args, **kwargs)
           ^^^^^^^^^^^^^^^^^^^^^^^^^^^^^
  File "E:\VE\Edwin Bleeker Review System\advanced_review_system\venv\Lib\site-packages\django\utils\decorators.py", line 188, in _view_wrapper
    result = _process_exception(request, e)
             ^^^^^^^^^^^^^^^^^^^^^^^^^^^^^^
  File "E:\VE\Edwin Bleeker Review System\advanced_review_system\venv\Lib\site-packages\django\utils\decorators.py", line 186, in _view_wrapper
    response = view_func(request, *args, **kwargs)
               ^^^^^^^^^^^^^^^^^^^^^^^^^^^^^^^^^^^
  File "E:\VE\Edwin Bleeker Review System\advanced_review_system\venv\Lib\site-packages\django\contrib\admin\options.py", line 1981, in changelist_view
    cl = self.get_changelist_instance(request)
         ^^^^^^^^^^^^^^^^^^^^^^^^^^^^^^^^^^^^^
  File "E:\VE\Edwin Bleeker Review System\advanced_review_system\venv\Lib\site-packages\django\contrib\admin\options.py", line 862, in get_changelist_instance
    return ChangeList(
           ^^^^^^^^^^^
  File "E:\VE\Edwin Bleeker Review System\advanced_review_system\venv\Lib\site-packages\django\contrib\admin\views\main.py", line 145, in __init__
    self.get_results(request)
  File "E:\VE\Edwin Bleeker Review System\advanced_review_system\venv\Lib\site-packages\django\contrib\admin\views\main.py", line 312, in get_results
    result_count = paginator.count
                   ^^^^^^^^^^^^^^^
  File "E:\VE\Edwin Bleeker Review System\advanced_review_system\venv\Lib\site-packages\django\utils\functional.py", line 47, in __get__
    res = instance.__dict__[self.name] = self.func(instance)
                                         ^^^^^^^^^^^^^^^^^^^
  File "E:\VE\Edwin Bleeker Review System\advanced_review_system\venv\Lib\site-packages\django\core\paginator.py", line 110, in count
    return c()
           ^^^
  File "E:\VE\Edwin Bleeker Review System\advanced_review_system\venv\Lib\site-packages\django\db\models\query.py", line 618, in count
    return self.query.get_count(using=self.db)
           ^^^^^^^^^^^^^^^^^^^^^^^^^^^^^^^^^^^
  File "E:\VE\Edwin Bleeker Review System\advanced_review_system\venv\Lib\site-packages\django\db\models\sql\query.py", line 616, in get_count
    return obj.get_aggregation(using, {"__count": Count("*")})["__count"]
           ^^^^^^^^^^^^^^^^^^^^^^^^^^^^^^^^^^^^^^^^^^^^^^^^^^^
  File "E:\VE\Edwin Bleeker Review System\advanced_review_system\venv\Lib\site-packages\django\db\models\sql\query.py", line 602, in get_aggregation
    result = compiler.execute_sql(SINGLE)
             ^^^^^^^^^^^^^^^^^^^^^^^^^^^^
  File "E:\VE\Edwin Bleeker Review System\advanced_review_system\venv\Lib\site-packages\django\db\models\sql\compiler.py", line 1562, in execute_sql
    cursor.execute(sql, params)
  File "E:\VE\Edwin Bleeker Review System\advanced_review_system\venv\Lib\site-packages\django\db\backends\utils.py", line 122, in execute
    return super().execute(sql, params)
           ^^^^^^^^^^^^^^^^^^^^^^^^^^^^
  File "E:\VE\Edwin Bleeker Review System\advanced_review_system\venv\Lib\site-packages\django\db\backends\utils.py", line 79, in execute
    return self._execute_with_wrappers(
           ^^^^^^^^^^^^^^^^^^^^^^^^^^^^
  File "E:\VE\Edwin Bleeker Review System\advanced_review_system\venv\Lib\site-packages\django\db\backends\utils.py", line 92, in _execute_with_wrappers
    return executor(sql, params, many, context)
           ^^^^^^^^^^^^^^^^^^^^^^^^^^^^^^^^^^^^
  File "E:\VE\Edwin Bleeker Review System\advanced_review_system\venv\Lib\site-packages\django\db\backends\utils.py", line 100, in _execute
    with self.db.wrap_database_errors:
  File "E:\VE\Edwin Bleeker Review System\advanced_review_system\venv\Lib\site-packages\django\db\utils.py", line 91, in __exit__
    raise dj_exc_value.with_traceback(traceback) from exc_value
  File "E:\VE\Edwin Bleeker Review System\advanced_review_system\venv\Lib\site-packages\django\db\backends\utils.py", line 105, in _execute
    return self.cursor.execute(sql, params)
           ^^^^^^^^^^^^^^^^^^^^^^^^^^^^^^^^
  File "E:\VE\Edwin Bleeker Review System\advanced_review_system\venv\Lib\site-packages\django\db\backends\sqlite3\base.py", line 328, in execute
    return super().execute(query, params)
           ^^^^^^^^^^^^^^^^^^^^^^^^^^^^^^
django.db.utils.OperationalError: no such table: review_system_reviewsettings
ERROR 2024-06-07 17:48:13,465 basehttp "GET /admin/review_system/reviewsettings/ HTTP/1.1" 500 209065
INFO 2024-06-07 17:48:15,716 basehttp "GET /admin/review_system/productreviews/ HTTP/1.1" 200 18847
INFO 2024-06-07 17:48:17,100 basehttp "GET /admin/review_system/reviewformdesign/ HTTP/1.1" 200 13286
INFO 2024-06-07 17:48:17,124 basehttp "GET /admin/jsi18n/ HTTP/1.1" 200 3342
INFO 2024-06-07 17:48:19,401 basehttp "GET /admin/review_system/reviewlistdesign/ HTTP/1.1" 200 10939
INFO 2024-06-07 17:48:19,432 basehttp "GET /admin/jsi18n/ HTTP/1.1" 200 3342
INFO 2024-06-07 17:48:20,659 basehttp "GET /admin/review_system/productreviews/ HTTP/1.1" 200 18847
INFO 2024-06-07 17:48:20,819 basehttp "GET /admin/jsi18n/ HTTP/1.1" 200 3342
INFO 2024-06-07 17:48:22,098 basehttp "GET /admin/review_system/reviewlistdesign/ HTTP/1.1" 200 10939
INFO 2024-06-07 17:48:22,134 basehttp "GET /admin/jsi18n/ HTTP/1.1" 200 3342
INFO 2024-06-07 17:48:23,436 basehttp "GET /admin/review_system/reviewlistdesign/add/ HTTP/1.1" 200 12257
INFO 2024-06-07 17:48:23,466 basehttp "GET /admin/jsi18n/ HTTP/1.1" 200 3342
INFO 2024-06-07 17:48:40,552 basehttp "POST /admin/review_system/reviewlistdesign/add/ HTTP/1.1" 302 0
INFO 2024-06-07 17:48:40,596 basehttp "GET /admin/review_system/reviewlistdesign/ HTTP/1.1" 200 13356
INFO 2024-06-07 17:48:40,631 basehttp "GET /admin/jsi18n/ HTTP/1.1" 200 3342
INFO 2024-06-07 17:48:43,178 basehttp "GET /admin/review_system/reviewformdesign/ HTTP/1.1" 200 13286
INFO 2024-06-07 17:48:43,247 basehttp "GET /admin/jsi18n/ HTTP/1.1" 200 3342
INFO 2024-06-07 17:48:44,543 basehttp "GET /admin/review_system/productreviews/ HTTP/1.1" 200 18847
INFO 2024-06-07 17:48:44,565 basehttp "GET /admin/jsi18n/ HTTP/1.1" 200 3342
ERROR 2024-06-07 17:48:50,895 log Internal Server Error: /admin/review_system/reviewsettings/
Traceback (most recent call last):
  File "E:\VE\Edwin Bleeker Review System\advanced_review_system\venv\Lib\site-packages\django\db\backends\utils.py", line 105, in _execute
    return self.cursor.execute(sql, params)
           ^^^^^^^^^^^^^^^^^^^^^^^^^^^^^^^^
  File "E:\VE\Edwin Bleeker Review System\advanced_review_system\venv\Lib\site-packages\django\db\backends\sqlite3\base.py", line 328, in execute
    return super().execute(query, params)
           ^^^^^^^^^^^^^^^^^^^^^^^^^^^^^^
sqlite3.OperationalError: no such table: review_system_reviewsettings

The above exception was the direct cause of the following exception:

Traceback (most recent call last):
  File "E:\VE\Edwin Bleeker Review System\advanced_review_system\venv\Lib\site-packages\django\core\handlers\exception.py", line 55, in inner
    response = get_response(request)
               ^^^^^^^^^^^^^^^^^^^^^
  File "E:\VE\Edwin Bleeker Review System\advanced_review_system\venv\Lib\site-packages\django\core\handlers\base.py", line 197, in _get_response
    response = wrapped_callback(request, *callback_args, **callback_kwargs)
               ^^^^^^^^^^^^^^^^^^^^^^^^^^^^^^^^^^^^^^^^^^^^^^^^^^^^^^^^^^^^
  File "E:\VE\Edwin Bleeker Review System\advanced_review_system\venv\Lib\site-packages\django\contrib\admin\options.py", line 714, in wrapper
    return self.admin_site.admin_view(view)(*args, **kwargs)
           ^^^^^^^^^^^^^^^^^^^^^^^^^^^^^^^^^^^^^^^^^^^^^^^^^
  File "E:\VE\Edwin Bleeker Review System\advanced_review_system\venv\Lib\site-packages\django\utils\decorators.py", line 188, in _view_wrapper
    result = _process_exception(request, e)
             ^^^^^^^^^^^^^^^^^^^^^^^^^^^^^^
  File "E:\VE\Edwin Bleeker Review System\advanced_review_system\venv\Lib\site-packages\django\utils\decorators.py", line 186, in _view_wrapper
    response = view_func(request, *args, **kwargs)
               ^^^^^^^^^^^^^^^^^^^^^^^^^^^^^^^^^^^
  File "E:\VE\Edwin Bleeker Review System\advanced_review_system\venv\Lib\site-packages\django\views\decorators\cache.py", line 80, in _view_wrapper
    response = view_func(request, *args, **kwargs)
               ^^^^^^^^^^^^^^^^^^^^^^^^^^^^^^^^^^^
  File "E:\VE\Edwin Bleeker Review System\advanced_review_system\venv\Lib\site-packages\django\contrib\admin\sites.py", line 240, in inner
    return view(request, *args, **kwargs)
           ^^^^^^^^^^^^^^^^^^^^^^^^^^^^^^
  File "E:\VE\Edwin Bleeker Review System\advanced_review_system\venv\Lib\site-packages\django\utils\decorators.py", line 48, in _wrapper
    return bound_method(*args, **kwargs)
           ^^^^^^^^^^^^^^^^^^^^^^^^^^^^^
  File "E:\VE\Edwin Bleeker Review System\advanced_review_system\venv\Lib\site-packages\django\utils\decorators.py", line 188, in _view_wrapper
    result = _process_exception(request, e)
             ^^^^^^^^^^^^^^^^^^^^^^^^^^^^^^
  File "E:\VE\Edwin Bleeker Review System\advanced_review_system\venv\Lib\site-packages\django\utils\decorators.py", line 186, in _view_wrapper
    response = view_func(request, *args, **kwargs)
               ^^^^^^^^^^^^^^^^^^^^^^^^^^^^^^^^^^^
  File "E:\VE\Edwin Bleeker Review System\advanced_review_system\venv\Lib\site-packages\django\contrib\admin\options.py", line 1981, in changelist_view
    cl = self.get_changelist_instance(request)
         ^^^^^^^^^^^^^^^^^^^^^^^^^^^^^^^^^^^^^
  File "E:\VE\Edwin Bleeker Review System\advanced_review_system\venv\Lib\site-packages\django\contrib\admin\options.py", line 862, in get_changelist_instance
    return ChangeList(
           ^^^^^^^^^^^
  File "E:\VE\Edwin Bleeker Review System\advanced_review_system\venv\Lib\site-packages\django\contrib\admin\views\main.py", line 145, in __init__
    self.get_results(request)
  File "E:\VE\Edwin Bleeker Review System\advanced_review_system\venv\Lib\site-packages\django\contrib\admin\views\main.py", line 312, in get_results
    result_count = paginator.count
                   ^^^^^^^^^^^^^^^
  File "E:\VE\Edwin Bleeker Review System\advanced_review_system\venv\Lib\site-packages\django\utils\functional.py", line 47, in __get__
    res = instance.__dict__[self.name] = self.func(instance)
                                         ^^^^^^^^^^^^^^^^^^^
  File "E:\VE\Edwin Bleeker Review System\advanced_review_system\venv\Lib\site-packages\django\core\paginator.py", line 110, in count
    return c()
           ^^^
  File "E:\VE\Edwin Bleeker Review System\advanced_review_system\venv\Lib\site-packages\django\db\models\query.py", line 618, in count
    return self.query.get_count(using=self.db)
           ^^^^^^^^^^^^^^^^^^^^^^^^^^^^^^^^^^^
  File "E:\VE\Edwin Bleeker Review System\advanced_review_system\venv\Lib\site-packages\django\db\models\sql\query.py", line 616, in get_count
    return obj.get_aggregation(using, {"__count": Count("*")})["__count"]
           ^^^^^^^^^^^^^^^^^^^^^^^^^^^^^^^^^^^^^^^^^^^^^^^^^^^
  File "E:\VE\Edwin Bleeker Review System\advanced_review_system\venv\Lib\site-packages\django\db\models\sql\query.py", line 602, in get_aggregation
    result = compiler.execute_sql(SINGLE)
             ^^^^^^^^^^^^^^^^^^^^^^^^^^^^
  File "E:\VE\Edwin Bleeker Review System\advanced_review_system\venv\Lib\site-packages\django\db\models\sql\compiler.py", line 1562, in execute_sql
    cursor.execute(sql, params)
  File "E:\VE\Edwin Bleeker Review System\advanced_review_system\venv\Lib\site-packages\django\db\backends\utils.py", line 122, in execute
    return super().execute(sql, params)
           ^^^^^^^^^^^^^^^^^^^^^^^^^^^^
  File "E:\VE\Edwin Bleeker Review System\advanced_review_system\venv\Lib\site-packages\django\db\backends\utils.py", line 79, in execute
    return self._execute_with_wrappers(
           ^^^^^^^^^^^^^^^^^^^^^^^^^^^^
  File "E:\VE\Edwin Bleeker Review System\advanced_review_system\venv\Lib\site-packages\django\db\backends\utils.py", line 92, in _execute_with_wrappers
    return executor(sql, params, many, context)
           ^^^^^^^^^^^^^^^^^^^^^^^^^^^^^^^^^^^^
  File "E:\VE\Edwin Bleeker Review System\advanced_review_system\venv\Lib\site-packages\django\db\backends\utils.py", line 100, in _execute
    with self.db.wrap_database_errors:
  File "E:\VE\Edwin Bleeker Review System\advanced_review_system\venv\Lib\site-packages\django\db\utils.py", line 91, in __exit__
    raise dj_exc_value.with_traceback(traceback) from exc_value
  File "E:\VE\Edwin Bleeker Review System\advanced_review_system\venv\Lib\site-packages\django\db\backends\utils.py", line 105, in _execute
    return self.cursor.execute(sql, params)
           ^^^^^^^^^^^^^^^^^^^^^^^^^^^^^^^^
  File "E:\VE\Edwin Bleeker Review System\advanced_review_system\venv\Lib\site-packages\django\db\backends\sqlite3\base.py", line 328, in execute
    return super().execute(query, params)
           ^^^^^^^^^^^^^^^^^^^^^^^^^^^^^^
django.db.utils.OperationalError: no such table: review_system_reviewsettings
ERROR 2024-06-07 17:48:50,907 basehttp "GET /admin/review_system/reviewsettings/ HTTP/1.1" 500 209065
INFO 2024-06-07 17:48:52,314 basehttp "GET /admin/review_system/productreviews/ HTTP/1.1" 200 18847
INFO 2024-06-10 10:14:54,915 autoreload Watching for file changes with StatReloader
INFO 2024-06-10 10:15:15,877 autoreload Watching for file changes with StatReloader
INFO 2024-06-10 10:15:22,312 basehttp "GET /admin/review_system/productreviews/ HTTP/1.1" 200 18847
WARNING 2024-06-10 10:15:22,386 log Not Found: /media/uploaded_images/Left_Map_ODC0zUv.png
WARNING 2024-06-10 10:15:22,390 basehttp "GET /media/uploaded_images/Left_Map_ODC0zUv.png HTTP/1.1" 404 4111
INFO 2024-06-10 10:15:22,389 basehttp "GET /admin/jsi18n/ HTTP/1.1" 200 3342
WARNING 2024-06-10 10:15:22,427 log Not Found: /media/uploaded_images/VE-meeting-background-final.png
WARNING 2024-06-10 10:15:22,434 basehttp "GET /media/uploaded_images/VE-meeting-background-final.png HTTP/1.1" 404 4155
WARNING 2024-06-10 10:15:22,474 log Not Found: /media/uploaded_images/MicrosoftTeams-image_16.png
WARNING 2024-06-10 10:15:22,476 basehttp "GET /media/uploaded_images/MicrosoftTeams-image_16.png HTTP/1.1" 404 4139
WARNING 2024-06-10 10:15:22,486 log Not Found: /media/uploaded_images/Left_Globe_Pd7DoD7.png
WARNING 2024-06-10 10:15:22,487 basehttp "GET /media/uploaded_images/Left_Globe_Pd7DoD7.png HTTP/1.1" 404 4119
INFO 2024-06-10 10:15:22,505 basehttp "GET /media/uploaded_images/virtual-meeting-background-1.png HTTP/1.1" 304 0
WARNING 2024-06-10 10:15:22,507 log Not Found: /media/uploaded_images/virtual-meeting-background-1_2F2Keds.png
WARNING 2024-06-10 10:15:22,507 basehttp "GET /media/uploaded_images/virtual-meeting-background-1_2F2Keds.png HTTP/1.1" 404 4191
ERROR 2024-06-10 10:15:47,639 log Internal Server Error: /admin/review_system/reviewsettings/
Traceback (most recent call last):
  File "E:\VE\Edwin Bleeker Review System\advanced_review_system\venv\Lib\site-packages\django\db\backends\utils.py", line 105, in _execute
    return self.cursor.execute(sql, params)
           ^^^^^^^^^^^^^^^^^^^^^^^^^^^^^^^^
  File "E:\VE\Edwin Bleeker Review System\advanced_review_system\venv\Lib\site-packages\django\db\backends\sqlite3\base.py", line 328, in execute
    return super().execute(query, params)
           ^^^^^^^^^^^^^^^^^^^^^^^^^^^^^^
sqlite3.OperationalError: no such table: review_system_reviewsettings

The above exception was the direct cause of the following exception:

Traceback (most recent call last):
  File "E:\VE\Edwin Bleeker Review System\advanced_review_system\venv\Lib\site-packages\django\core\handlers\exception.py", line 55, in inner
    response = get_response(request)
               ^^^^^^^^^^^^^^^^^^^^^
  File "E:\VE\Edwin Bleeker Review System\advanced_review_system\venv\Lib\site-packages\django\core\handlers\base.py", line 197, in _get_response
    response = wrapped_callback(request, *callback_args, **callback_kwargs)
               ^^^^^^^^^^^^^^^^^^^^^^^^^^^^^^^^^^^^^^^^^^^^^^^^^^^^^^^^^^^^
  File "E:\VE\Edwin Bleeker Review System\advanced_review_system\venv\Lib\site-packages\django\contrib\admin\options.py", line 714, in wrapper
    return self.admin_site.admin_view(view)(*args, **kwargs)
           ^^^^^^^^^^^^^^^^^^^^^^^^^^^^^^^^^^^^^^^^^^^^^^^^^
  File "E:\VE\Edwin Bleeker Review System\advanced_review_system\venv\Lib\site-packages\django\utils\decorators.py", line 188, in _view_wrapper
    result = _process_exception(request, e)
             ^^^^^^^^^^^^^^^^^^^^^^^^^^^^^^
  File "E:\VE\Edwin Bleeker Review System\advanced_review_system\venv\Lib\site-packages\django\utils\decorators.py", line 186, in _view_wrapper
    response = view_func(request, *args, **kwargs)
               ^^^^^^^^^^^^^^^^^^^^^^^^^^^^^^^^^^^
  File "E:\VE\Edwin Bleeker Review System\advanced_review_system\venv\Lib\site-packages\django\views\decorators\cache.py", line 80, in _view_wrapper
    response = view_func(request, *args, **kwargs)
               ^^^^^^^^^^^^^^^^^^^^^^^^^^^^^^^^^^^
  File "E:\VE\Edwin Bleeker Review System\advanced_review_system\venv\Lib\site-packages\django\contrib\admin\sites.py", line 240, in inner
    return view(request, *args, **kwargs)
           ^^^^^^^^^^^^^^^^^^^^^^^^^^^^^^
  File "E:\VE\Edwin Bleeker Review System\advanced_review_system\venv\Lib\site-packages\django\utils\decorators.py", line 48, in _wrapper
    return bound_method(*args, **kwargs)
           ^^^^^^^^^^^^^^^^^^^^^^^^^^^^^
  File "E:\VE\Edwin Bleeker Review System\advanced_review_system\venv\Lib\site-packages\django\utils\decorators.py", line 188, in _view_wrapper
    result = _process_exception(request, e)
             ^^^^^^^^^^^^^^^^^^^^^^^^^^^^^^
  File "E:\VE\Edwin Bleeker Review System\advanced_review_system\venv\Lib\site-packages\django\utils\decorators.py", line 186, in _view_wrapper
    response = view_func(request, *args, **kwargs)
               ^^^^^^^^^^^^^^^^^^^^^^^^^^^^^^^^^^^
  File "E:\VE\Edwin Bleeker Review System\advanced_review_system\venv\Lib\site-packages\django\contrib\admin\options.py", line 1981, in changelist_view
    cl = self.get_changelist_instance(request)
         ^^^^^^^^^^^^^^^^^^^^^^^^^^^^^^^^^^^^^
  File "E:\VE\Edwin Bleeker Review System\advanced_review_system\venv\Lib\site-packages\django\contrib\admin\options.py", line 862, in get_changelist_instance
    return ChangeList(
           ^^^^^^^^^^^
  File "E:\VE\Edwin Bleeker Review System\advanced_review_system\venv\Lib\site-packages\django\contrib\admin\views\main.py", line 145, in __init__
    self.get_results(request)
  File "E:\VE\Edwin Bleeker Review System\advanced_review_system\venv\Lib\site-packages\django\contrib\admin\views\main.py", line 312, in get_results
    result_count = paginator.count
                   ^^^^^^^^^^^^^^^
  File "E:\VE\Edwin Bleeker Review System\advanced_review_system\venv\Lib\site-packages\django\utils\functional.py", line 47, in __get__
    res = instance.__dict__[self.name] = self.func(instance)
                                         ^^^^^^^^^^^^^^^^^^^
  File "E:\VE\Edwin Bleeker Review System\advanced_review_system\venv\Lib\site-packages\django\core\paginator.py", line 110, in count
    return c()
           ^^^
  File "E:\VE\Edwin Bleeker Review System\advanced_review_system\venv\Lib\site-packages\django\db\models\query.py", line 618, in count
    return self.query.get_count(using=self.db)
           ^^^^^^^^^^^^^^^^^^^^^^^^^^^^^^^^^^^
  File "E:\VE\Edwin Bleeker Review System\advanced_review_system\venv\Lib\site-packages\django\db\models\sql\query.py", line 616, in get_count
    return obj.get_aggregation(using, {"__count": Count("*")})["__count"]
           ^^^^^^^^^^^^^^^^^^^^^^^^^^^^^^^^^^^^^^^^^^^^^^^^^^^
  File "E:\VE\Edwin Bleeker Review System\advanced_review_system\venv\Lib\site-packages\django\db\models\sql\query.py", line 602, in get_aggregation
    result = compiler.execute_sql(SINGLE)
             ^^^^^^^^^^^^^^^^^^^^^^^^^^^^
  File "E:\VE\Edwin Bleeker Review System\advanced_review_system\venv\Lib\site-packages\django\db\models\sql\compiler.py", line 1562, in execute_sql
    cursor.execute(sql, params)
  File "E:\VE\Edwin Bleeker Review System\advanced_review_system\venv\Lib\site-packages\django\db\backends\utils.py", line 122, in execute
    return super().execute(sql, params)
           ^^^^^^^^^^^^^^^^^^^^^^^^^^^^
  File "E:\VE\Edwin Bleeker Review System\advanced_review_system\venv\Lib\site-packages\django\db\backends\utils.py", line 79, in execute
    return self._execute_with_wrappers(
           ^^^^^^^^^^^^^^^^^^^^^^^^^^^^
  File "E:\VE\Edwin Bleeker Review System\advanced_review_system\venv\Lib\site-packages\django\db\backends\utils.py", line 92, in _execute_with_wrappers
    return executor(sql, params, many, context)
           ^^^^^^^^^^^^^^^^^^^^^^^^^^^^^^^^^^^^
  File "E:\VE\Edwin Bleeker Review System\advanced_review_system\venv\Lib\site-packages\django\db\backends\utils.py", line 100, in _execute
    with self.db.wrap_database_errors:
  File "E:\VE\Edwin Bleeker Review System\advanced_review_system\venv\Lib\site-packages\django\db\utils.py", line 91, in __exit__
    raise dj_exc_value.with_traceback(traceback) from exc_value
  File "E:\VE\Edwin Bleeker Review System\advanced_review_system\venv\Lib\site-packages\django\db\backends\utils.py", line 105, in _execute
    return self.cursor.execute(sql, params)
           ^^^^^^^^^^^^^^^^^^^^^^^^^^^^^^^^
  File "E:\VE\Edwin Bleeker Review System\advanced_review_system\venv\Lib\site-packages\django\db\backends\sqlite3\base.py", line 328, in execute
    return super().execute(query, params)
           ^^^^^^^^^^^^^^^^^^^^^^^^^^^^^^
django.db.utils.OperationalError: no such table: review_system_reviewsettings
ERROR 2024-06-10 10:15:47,656 basehttp "GET /admin/review_system/reviewsettings/ HTTP/1.1" 500 209065
INFO 2024-06-10 10:15:49,553 basehttp "GET /admin/review_system/productreviews/ HTTP/1.1" 200 18847
INFO 2024-06-10 10:15:53,842 basehttp "GET /admin/review_system/productreviews/add/ HTTP/1.1" 200 16302
INFO 2024-06-10 10:15:53,901 basehttp "GET /admin/jsi18n/ HTTP/1.1" 200 3342
ERROR 2024-06-10 10:16:09,262 log Internal Server Error: /admin/review_system/productreviews/add/
Traceback (most recent call last):
  File "E:\VE\Edwin Bleeker Review System\advanced_review_system\venv\Lib\site-packages\django\db\backends\utils.py", line 105, in _execute
    return self.cursor.execute(sql, params)
           ^^^^^^^^^^^^^^^^^^^^^^^^^^^^^^^^
  File "E:\VE\Edwin Bleeker Review System\advanced_review_system\venv\Lib\site-packages\django\db\backends\sqlite3\base.py", line 328, in execute
    return super().execute(query, params)
           ^^^^^^^^^^^^^^^^^^^^^^^^^^^^^^
sqlite3.IntegrityError: NOT NULL constraint failed: review_system_productreviews.auto_approve

The above exception was the direct cause of the following exception:

Traceback (most recent call last):
  File "E:\VE\Edwin Bleeker Review System\advanced_review_system\venv\Lib\site-packages\django\core\handlers\exception.py", line 55, in inner
    response = get_response(request)
               ^^^^^^^^^^^^^^^^^^^^^
  File "E:\VE\Edwin Bleeker Review System\advanced_review_system\venv\Lib\site-packages\django\core\handlers\base.py", line 197, in _get_response
    response = wrapped_callback(request, *callback_args, **callback_kwargs)
               ^^^^^^^^^^^^^^^^^^^^^^^^^^^^^^^^^^^^^^^^^^^^^^^^^^^^^^^^^^^^
  File "E:\VE\Edwin Bleeker Review System\advanced_review_system\venv\Lib\site-packages\django\contrib\admin\options.py", line 714, in wrapper
    return self.admin_site.admin_view(view)(*args, **kwargs)
           ^^^^^^^^^^^^^^^^^^^^^^^^^^^^^^^^^^^^^^^^^^^^^^^^^
  File "E:\VE\Edwin Bleeker Review System\advanced_review_system\venv\Lib\site-packages\django\utils\decorators.py", line 188, in _view_wrapper
    result = _process_exception(request, e)
             ^^^^^^^^^^^^^^^^^^^^^^^^^^^^^^
  File "E:\VE\Edwin Bleeker Review System\advanced_review_system\venv\Lib\site-packages\django\utils\decorators.py", line 186, in _view_wrapper
    response = view_func(request, *args, **kwargs)
               ^^^^^^^^^^^^^^^^^^^^^^^^^^^^^^^^^^^
  File "E:\VE\Edwin Bleeker Review System\advanced_review_system\venv\Lib\site-packages\django\views\decorators\cache.py", line 80, in _view_wrapper
    response = view_func(request, *args, **kwargs)
               ^^^^^^^^^^^^^^^^^^^^^^^^^^^^^^^^^^^
  File "E:\VE\Edwin Bleeker Review System\advanced_review_system\venv\Lib\site-packages\django\contrib\admin\sites.py", line 240, in inner
    return view(request, *args, **kwargs)
           ^^^^^^^^^^^^^^^^^^^^^^^^^^^^^^
  File "E:\VE\Edwin Bleeker Review System\advanced_review_system\venv\Lib\site-packages\django\contrib\admin\options.py", line 1941, in add_view
    return self.changeform_view(request, None, form_url, extra_context)
           ^^^^^^^^^^^^^^^^^^^^^^^^^^^^^^^^^^^^^^^^^^^^^^^^^^^^^^^^^^^^
  File "E:\VE\Edwin Bleeker Review System\advanced_review_system\venv\Lib\site-packages\django\utils\decorators.py", line 48, in _wrapper
    return bound_method(*args, **kwargs)
           ^^^^^^^^^^^^^^^^^^^^^^^^^^^^^
  File "E:\VE\Edwin Bleeker Review System\advanced_review_system\venv\Lib\site-packages\django\utils\decorators.py", line 188, in _view_wrapper
    result = _process_exception(request, e)
             ^^^^^^^^^^^^^^^^^^^^^^^^^^^^^^
  File "E:\VE\Edwin Bleeker Review System\advanced_review_system\venv\Lib\site-packages\django\utils\decorators.py", line 186, in _view_wrapper
    response = view_func(request, *args, **kwargs)
               ^^^^^^^^^^^^^^^^^^^^^^^^^^^^^^^^^^^
  File "E:\VE\Edwin Bleeker Review System\advanced_review_system\venv\Lib\site-packages\django\contrib\admin\options.py", line 1802, in changeform_view
    return self._changeform_view(request, object_id, form_url, extra_context)
           ^^^^^^^^^^^^^^^^^^^^^^^^^^^^^^^^^^^^^^^^^^^^^^^^^^^^^^^^^^^^^^^^^^
  File "E:\VE\Edwin Bleeker Review System\advanced_review_system\venv\Lib\site-packages\django\contrib\admin\options.py", line 1853, in _changeform_view
    self.save_model(request, new_object, form, not add)
  File "E:\VE\Edwin Bleeker Review System\advanced_review_system\venv\Lib\site-packages\django\contrib\admin\options.py", line 1257, in save_model
    obj.save()
  File "E:\VE\Edwin Bleeker Review System\advanced_review_system\venv\Lib\site-packages\django\db\models\base.py", line 814, in save
    self.save_base(
  File "E:\VE\Edwin Bleeker Review System\advanced_review_system\venv\Lib\site-packages\django\db\models\base.py", line 901, in save_base
    updated = self._save_table(
              ^^^^^^^^^^^^^^^^^
  File "E:\VE\Edwin Bleeker Review System\advanced_review_system\venv\Lib\site-packages\django\db\models\base.py", line 1059, in _save_table
    results = self._do_insert(
              ^^^^^^^^^^^^^^^^
  File "E:\VE\Edwin Bleeker Review System\advanced_review_system\venv\Lib\site-packages\django\db\models\base.py", line 1100, in _do_insert
    return manager._insert(
           ^^^^^^^^^^^^^^^^
  File "E:\VE\Edwin Bleeker Review System\advanced_review_system\venv\Lib\site-packages\django\db\models\manager.py", line 87, in manager_method
    return getattr(self.get_queryset(), name)(*args, **kwargs)
           ^^^^^^^^^^^^^^^^^^^^^^^^^^^^^^^^^^^^^^^^^^^^^^^^^^^
  File "E:\VE\Edwin Bleeker Review System\advanced_review_system\venv\Lib\site-packages\django\db\models\query.py", line 1845, in _insert
    return query.get_compiler(using=using).execute_sql(returning_fields)
           ^^^^^^^^^^^^^^^^^^^^^^^^^^^^^^^^^^^^^^^^^^^^^^^^^^^^^^^^^^^^^
  File "E:\VE\Edwin Bleeker Review System\advanced_review_system\venv\Lib\site-packages\django\db\models\sql\compiler.py", line 1822, in execute_sql
    cursor.execute(sql, params)
  File "E:\VE\Edwin Bleeker Review System\advanced_review_system\venv\Lib\site-packages\django\db\backends\utils.py", line 122, in execute
    return super().execute(sql, params)
           ^^^^^^^^^^^^^^^^^^^^^^^^^^^^
  File "E:\VE\Edwin Bleeker Review System\advanced_review_system\venv\Lib\site-packages\django\db\backends\utils.py", line 79, in execute
    return self._execute_with_wrappers(
           ^^^^^^^^^^^^^^^^^^^^^^^^^^^^
  File "E:\VE\Edwin Bleeker Review System\advanced_review_system\venv\Lib\site-packages\django\db\backends\utils.py", line 92, in _execute_with_wrappers
    return executor(sql, params, many, context)
           ^^^^^^^^^^^^^^^^^^^^^^^^^^^^^^^^^^^^
  File "E:\VE\Edwin Bleeker Review System\advanced_review_system\venv\Lib\site-packages\django\db\backends\utils.py", line 100, in _execute
    with self.db.wrap_database_errors:
  File "E:\VE\Edwin Bleeker Review System\advanced_review_system\venv\Lib\site-packages\django\db\utils.py", line 91, in __exit__
    raise dj_exc_value.with_traceback(traceback) from exc_value
  File "E:\VE\Edwin Bleeker Review System\advanced_review_system\venv\Lib\site-packages\django\db\backends\utils.py", line 105, in _execute
    return self.cursor.execute(sql, params)
           ^^^^^^^^^^^^^^^^^^^^^^^^^^^^^^^^
  File "E:\VE\Edwin Bleeker Review System\advanced_review_system\venv\Lib\site-packages\django\db\backends\sqlite3\base.py", line 328, in execute
    return super().execute(query, params)
           ^^^^^^^^^^^^^^^^^^^^^^^^^^^^^^
django.db.utils.IntegrityError: NOT NULL constraint failed: review_system_productreviews.auto_approve
ERROR 2024-06-10 10:16:09,274 basehttp "POST /admin/review_system/productreviews/add/ HTTP/1.1" 500 227389
INFO 2024-06-10 10:41:16,084 autoreload E:\VE\Edwin Bleeker Review System\advanced_review_system\review_system\views.py changed, reloading.
INFO 2024-06-10 10:41:17,261 autoreload Watching for file changes with StatReloader
INFO 2024-06-10 10:41:23,380 basehttp "GET /admin/review_system/productreviews/add/ HTTP/1.1" 200 16302
INFO 2024-06-10 10:41:27,715 basehttp "GET /admin/review_system/productreviews/ HTTP/1.1" 200 18847
INFO 2024-06-10 10:41:27,748 basehttp "GET /admin/jsi18n/ HTTP/1.1" 200 3342
WARNING 2024-06-10 10:41:27,836 log Not Found: /media/uploaded_images/Left_Map_ODC0zUv.png
WARNING 2024-06-10 10:41:27,837 basehttp "GET /media/uploaded_images/Left_Map_ODC0zUv.png HTTP/1.1" 404 4111
WARNING 2024-06-10 10:41:27,844 log Not Found: /media/uploaded_images/VE-meeting-background-final.png
WARNING 2024-06-10 10:41:27,844 basehttp "GET /media/uploaded_images/VE-meeting-background-final.png HTTP/1.1" 404 4155
WARNING 2024-06-10 10:41:27,856 log Not Found: /media/uploaded_images/MicrosoftTeams-image_16.png
WARNING 2024-06-10 10:41:27,856 basehttp "GET /media/uploaded_images/MicrosoftTeams-image_16.png HTTP/1.1" 404 4139
WARNING 2024-06-10 10:41:27,865 log Not Found: /media/uploaded_images/Left_Globe_Pd7DoD7.png
WARNING 2024-06-10 10:41:27,865 basehttp "GET /media/uploaded_images/Left_Globe_Pd7DoD7.png HTTP/1.1" 404 4119
WARNING 2024-06-10 10:41:27,875 log Not Found: /media/uploaded_images/virtual-meeting-background-1_2F2Keds.png
WARNING 2024-06-10 10:41:27,875 basehttp "GET /media/uploaded_images/virtual-meeting-background-1_2F2Keds.png HTTP/1.1" 404 4191
INFO 2024-06-10 10:43:15,338 autoreload Watching for file changes with StatReloader
INFO 2024-06-10 10:43:19,623 basehttp "GET /admin/review_system/productreviews/ HTTP/1.1" 200 18847
INFO 2024-06-10 10:43:19,661 basehttp "GET /admin/jsi18n/ HTTP/1.1" 200 3342
WARNING 2024-06-10 10:43:19,663 log Not Found: /media/uploaded_images/Left_Map_ODC0zUv.png
WARNING 2024-06-10 10:43:19,664 basehttp "GET /media/uploaded_images/Left_Map_ODC0zUv.png HTTP/1.1" 404 4111
WARNING 2024-06-10 10:43:19,681 log Not Found: /media/uploaded_images/VE-meeting-background-final.png
WARNING 2024-06-10 10:43:19,682 basehttp "GET /media/uploaded_images/VE-meeting-background-final.png HTTP/1.1" 404 4155
WARNING 2024-06-10 10:43:19,743 log Not Found: /media/uploaded_images/Left_Globe_Pd7DoD7.png
WARNING 2024-06-10 10:43:19,744 log Not Found: /media/uploaded_images/MicrosoftTeams-image_16.png
WARNING 2024-06-10 10:43:19,745 basehttp "GET /media/uploaded_images/Left_Globe_Pd7DoD7.png HTTP/1.1" 404 4119
WARNING 2024-06-10 10:43:19,746 basehttp "GET /media/uploaded_images/MicrosoftTeams-image_16.png HTTP/1.1" 404 4139
WARNING 2024-06-10 10:43:19,767 log Not Found: /media/uploaded_images/virtual-meeting-background-1_2F2Keds.png
WARNING 2024-06-10 10:43:19,768 basehttp "GET /media/uploaded_images/virtual-meeting-background-1_2F2Keds.png HTTP/1.1" 404 4191
INFO 2024-06-10 10:43:22,934 basehttp "GET /admin/review_system/productreviews/add/ HTTP/1.1" 200 16302
INFO 2024-06-10 10:43:22,985 basehttp "GET /admin/jsi18n/ HTTP/1.1" 200 3342
ERROR 2024-06-10 10:43:46,991 log Internal Server Error: /admin/review_system/productreviews/add/
Traceback (most recent call last):
  File "E:\VE\Edwin Bleeker Review System\advanced_review_system\venv\Lib\site-packages\django\db\backends\utils.py", line 105, in _execute
    return self.cursor.execute(sql, params)
           ^^^^^^^^^^^^^^^^^^^^^^^^^^^^^^^^
  File "E:\VE\Edwin Bleeker Review System\advanced_review_system\venv\Lib\site-packages\django\db\backends\sqlite3\base.py", line 328, in execute
    return super().execute(query, params)
           ^^^^^^^^^^^^^^^^^^^^^^^^^^^^^^
sqlite3.IntegrityError: NOT NULL constraint failed: review_system_productreviews.auto_approve

The above exception was the direct cause of the following exception:

Traceback (most recent call last):
  File "E:\VE\Edwin Bleeker Review System\advanced_review_system\venv\Lib\site-packages\django\core\handlers\exception.py", line 55, in inner
    response = get_response(request)
               ^^^^^^^^^^^^^^^^^^^^^
  File "E:\VE\Edwin Bleeker Review System\advanced_review_system\venv\Lib\site-packages\django\core\handlers\base.py", line 197, in _get_response
    response = wrapped_callback(request, *callback_args, **callback_kwargs)
               ^^^^^^^^^^^^^^^^^^^^^^^^^^^^^^^^^^^^^^^^^^^^^^^^^^^^^^^^^^^^
  File "E:\VE\Edwin Bleeker Review System\advanced_review_system\venv\Lib\site-packages\django\contrib\admin\options.py", line 714, in wrapper
    return self.admin_site.admin_view(view)(*args, **kwargs)
           ^^^^^^^^^^^^^^^^^^^^^^^^^^^^^^^^^^^^^^^^^^^^^^^^^
  File "E:\VE\Edwin Bleeker Review System\advanced_review_system\venv\Lib\site-packages\django\utils\decorators.py", line 188, in _view_wrapper
    result = _process_exception(request, e)
             ^^^^^^^^^^^^^^^^^^^^^^^^^^^^^^
  File "E:\VE\Edwin Bleeker Review System\advanced_review_system\venv\Lib\site-packages\django\utils\decorators.py", line 186, in _view_wrapper
    response = view_func(request, *args, **kwargs)
               ^^^^^^^^^^^^^^^^^^^^^^^^^^^^^^^^^^^
  File "E:\VE\Edwin Bleeker Review System\advanced_review_system\venv\Lib\site-packages\django\views\decorators\cache.py", line 80, in _view_wrapper
    response = view_func(request, *args, **kwargs)
               ^^^^^^^^^^^^^^^^^^^^^^^^^^^^^^^^^^^
  File "E:\VE\Edwin Bleeker Review System\advanced_review_system\venv\Lib\site-packages\django\contrib\admin\sites.py", line 240, in inner
    return view(request, *args, **kwargs)
           ^^^^^^^^^^^^^^^^^^^^^^^^^^^^^^
  File "E:\VE\Edwin Bleeker Review System\advanced_review_system\venv\Lib\site-packages\django\contrib\admin\options.py", line 1941, in add_view
    return self.changeform_view(request, None, form_url, extra_context)
           ^^^^^^^^^^^^^^^^^^^^^^^^^^^^^^^^^^^^^^^^^^^^^^^^^^^^^^^^^^^^
  File "E:\VE\Edwin Bleeker Review System\advanced_review_system\venv\Lib\site-packages\django\utils\decorators.py", line 48, in _wrapper
    return bound_method(*args, **kwargs)
           ^^^^^^^^^^^^^^^^^^^^^^^^^^^^^
  File "E:\VE\Edwin Bleeker Review System\advanced_review_system\venv\Lib\site-packages\django\utils\decorators.py", line 188, in _view_wrapper
    result = _process_exception(request, e)
             ^^^^^^^^^^^^^^^^^^^^^^^^^^^^^^
  File "E:\VE\Edwin Bleeker Review System\advanced_review_system\venv\Lib\site-packages\django\utils\decorators.py", line 186, in _view_wrapper
    response = view_func(request, *args, **kwargs)
               ^^^^^^^^^^^^^^^^^^^^^^^^^^^^^^^^^^^
  File "E:\VE\Edwin Bleeker Review System\advanced_review_system\venv\Lib\site-packages\django\contrib\admin\options.py", line 1802, in changeform_view
    return self._changeform_view(request, object_id, form_url, extra_context)
           ^^^^^^^^^^^^^^^^^^^^^^^^^^^^^^^^^^^^^^^^^^^^^^^^^^^^^^^^^^^^^^^^^^
  File "E:\VE\Edwin Bleeker Review System\advanced_review_system\venv\Lib\site-packages\django\contrib\admin\options.py", line 1853, in _changeform_view
    self.save_model(request, new_object, form, not add)
  File "E:\VE\Edwin Bleeker Review System\advanced_review_system\venv\Lib\site-packages\django\contrib\admin\options.py", line 1257, in save_model
    obj.save()
  File "E:\VE\Edwin Bleeker Review System\advanced_review_system\venv\Lib\site-packages\django\db\models\base.py", line 814, in save
    self.save_base(
  File "E:\VE\Edwin Bleeker Review System\advanced_review_system\venv\Lib\site-packages\django\db\models\base.py", line 901, in save_base
    updated = self._save_table(
              ^^^^^^^^^^^^^^^^^
  File "E:\VE\Edwin Bleeker Review System\advanced_review_system\venv\Lib\site-packages\django\db\models\base.py", line 1059, in _save_table
    results = self._do_insert(
              ^^^^^^^^^^^^^^^^
  File "E:\VE\Edwin Bleeker Review System\advanced_review_system\venv\Lib\site-packages\django\db\models\base.py", line 1100, in _do_insert
    return manager._insert(
           ^^^^^^^^^^^^^^^^
  File "E:\VE\Edwin Bleeker Review System\advanced_review_system\venv\Lib\site-packages\django\db\models\manager.py", line 87, in manager_method
    return getattr(self.get_queryset(), name)(*args, **kwargs)
           ^^^^^^^^^^^^^^^^^^^^^^^^^^^^^^^^^^^^^^^^^^^^^^^^^^^
  File "E:\VE\Edwin Bleeker Review System\advanced_review_system\venv\Lib\site-packages\django\db\models\query.py", line 1845, in _insert
    return query.get_compiler(using=using).execute_sql(returning_fields)
           ^^^^^^^^^^^^^^^^^^^^^^^^^^^^^^^^^^^^^^^^^^^^^^^^^^^^^^^^^^^^^
  File "E:\VE\Edwin Bleeker Review System\advanced_review_system\venv\Lib\site-packages\django\db\models\sql\compiler.py", line 1822, in execute_sql
    cursor.execute(sql, params)
  File "E:\VE\Edwin Bleeker Review System\advanced_review_system\venv\Lib\site-packages\django\db\backends\utils.py", line 122, in execute
    return super().execute(sql, params)
           ^^^^^^^^^^^^^^^^^^^^^^^^^^^^
  File "E:\VE\Edwin Bleeker Review System\advanced_review_system\venv\Lib\site-packages\django\db\backends\utils.py", line 79, in execute
    return self._execute_with_wrappers(
           ^^^^^^^^^^^^^^^^^^^^^^^^^^^^
  File "E:\VE\Edwin Bleeker Review System\advanced_review_system\venv\Lib\site-packages\django\db\backends\utils.py", line 92, in _execute_with_wrappers
    return executor(sql, params, many, context)
           ^^^^^^^^^^^^^^^^^^^^^^^^^^^^^^^^^^^^
  File "E:\VE\Edwin Bleeker Review System\advanced_review_system\venv\Lib\site-packages\django\db\backends\utils.py", line 100, in _execute
    with self.db.wrap_database_errors:
  File "E:\VE\Edwin Bleeker Review System\advanced_review_system\venv\Lib\site-packages\django\db\utils.py", line 91, in __exit__
    raise dj_exc_value.with_traceback(traceback) from exc_value
  File "E:\VE\Edwin Bleeker Review System\advanced_review_system\venv\Lib\site-packages\django\db\backends\utils.py", line 105, in _execute
    return self.cursor.execute(sql, params)
           ^^^^^^^^^^^^^^^^^^^^^^^^^^^^^^^^
  File "E:\VE\Edwin Bleeker Review System\advanced_review_system\venv\Lib\site-packages\django\db\backends\sqlite3\base.py", line 328, in execute
    return super().execute(query, params)
           ^^^^^^^^^^^^^^^^^^^^^^^^^^^^^^
django.db.utils.IntegrityError: NOT NULL constraint failed: review_system_productreviews.auto_approve
ERROR 2024-06-10 10:43:47,008 basehttp "POST /admin/review_system/productreviews/add/ HTTP/1.1" 500 227399
INFO 2024-06-10 10:44:04,552 basehttp "GET /admin/review_system/productreviews/add/ HTTP/1.1" 200 16302
INFO 2024-06-10 10:44:08,276 basehttp "GET /admin/review_system/productreviews/ HTTP/1.1" 200 18847
ERROR 2024-06-10 10:44:11,116 log Internal Server Error: /admin/review_system/reviewsettings/
Traceback (most recent call last):
  File "E:\VE\Edwin Bleeker Review System\advanced_review_system\venv\Lib\site-packages\django\db\backends\utils.py", line 105, in _execute
    return self.cursor.execute(sql, params)
           ^^^^^^^^^^^^^^^^^^^^^^^^^^^^^^^^
  File "E:\VE\Edwin Bleeker Review System\advanced_review_system\venv\Lib\site-packages\django\db\backends\sqlite3\base.py", line 328, in execute
    return super().execute(query, params)
           ^^^^^^^^^^^^^^^^^^^^^^^^^^^^^^
sqlite3.OperationalError: no such table: review_system_reviewsettings

The above exception was the direct cause of the following exception:

Traceback (most recent call last):
  File "E:\VE\Edwin Bleeker Review System\advanced_review_system\venv\Lib\site-packages\django\core\handlers\exception.py", line 55, in inner
    response = get_response(request)
               ^^^^^^^^^^^^^^^^^^^^^
  File "E:\VE\Edwin Bleeker Review System\advanced_review_system\venv\Lib\site-packages\django\core\handlers\base.py", line 197, in _get_response
    response = wrapped_callback(request, *callback_args, **callback_kwargs)
               ^^^^^^^^^^^^^^^^^^^^^^^^^^^^^^^^^^^^^^^^^^^^^^^^^^^^^^^^^^^^
  File "E:\VE\Edwin Bleeker Review System\advanced_review_system\venv\Lib\site-packages\django\contrib\admin\options.py", line 714, in wrapper
    return self.admin_site.admin_view(view)(*args, **kwargs)
           ^^^^^^^^^^^^^^^^^^^^^^^^^^^^^^^^^^^^^^^^^^^^^^^^^
  File "E:\VE\Edwin Bleeker Review System\advanced_review_system\venv\Lib\site-packages\django\utils\decorators.py", line 188, in _view_wrapper
    result = _process_exception(request, e)
             ^^^^^^^^^^^^^^^^^^^^^^^^^^^^^^
  File "E:\VE\Edwin Bleeker Review System\advanced_review_system\venv\Lib\site-packages\django\utils\decorators.py", line 186, in _view_wrapper
    response = view_func(request, *args, **kwargs)
               ^^^^^^^^^^^^^^^^^^^^^^^^^^^^^^^^^^^
  File "E:\VE\Edwin Bleeker Review System\advanced_review_system\venv\Lib\site-packages\django\views\decorators\cache.py", line 80, in _view_wrapper
    response = view_func(request, *args, **kwargs)
               ^^^^^^^^^^^^^^^^^^^^^^^^^^^^^^^^^^^
  File "E:\VE\Edwin Bleeker Review System\advanced_review_system\venv\Lib\site-packages\django\contrib\admin\sites.py", line 240, in inner
    return view(request, *args, **kwargs)
           ^^^^^^^^^^^^^^^^^^^^^^^^^^^^^^
  File "E:\VE\Edwin Bleeker Review System\advanced_review_system\venv\Lib\site-packages\django\utils\decorators.py", line 48, in _wrapper
    return bound_method(*args, **kwargs)
           ^^^^^^^^^^^^^^^^^^^^^^^^^^^^^
  File "E:\VE\Edwin Bleeker Review System\advanced_review_system\venv\Lib\site-packages\django\utils\decorators.py", line 188, in _view_wrapper
    result = _process_exception(request, e)
             ^^^^^^^^^^^^^^^^^^^^^^^^^^^^^^
  File "E:\VE\Edwin Bleeker Review System\advanced_review_system\venv\Lib\site-packages\django\utils\decorators.py", line 186, in _view_wrapper
    response = view_func(request, *args, **kwargs)
               ^^^^^^^^^^^^^^^^^^^^^^^^^^^^^^^^^^^
  File "E:\VE\Edwin Bleeker Review System\advanced_review_system\venv\Lib\site-packages\django\contrib\admin\options.py", line 1981, in changelist_view
    cl = self.get_changelist_instance(request)
         ^^^^^^^^^^^^^^^^^^^^^^^^^^^^^^^^^^^^^
  File "E:\VE\Edwin Bleeker Review System\advanced_review_system\venv\Lib\site-packages\django\contrib\admin\options.py", line 862, in get_changelist_instance
    return ChangeList(
           ^^^^^^^^^^^
  File "E:\VE\Edwin Bleeker Review System\advanced_review_system\venv\Lib\site-packages\django\contrib\admin\views\main.py", line 145, in __init__
    self.get_results(request)
  File "E:\VE\Edwin Bleeker Review System\advanced_review_system\venv\Lib\site-packages\django\contrib\admin\views\main.py", line 312, in get_results
    result_count = paginator.count
                   ^^^^^^^^^^^^^^^
  File "E:\VE\Edwin Bleeker Review System\advanced_review_system\venv\Lib\site-packages\django\utils\functional.py", line 47, in __get__
    res = instance.__dict__[self.name] = self.func(instance)
                                         ^^^^^^^^^^^^^^^^^^^
  File "E:\VE\Edwin Bleeker Review System\advanced_review_system\venv\Lib\site-packages\django\core\paginator.py", line 110, in count
    return c()
           ^^^
  File "E:\VE\Edwin Bleeker Review System\advanced_review_system\venv\Lib\site-packages\django\db\models\query.py", line 618, in count
    return self.query.get_count(using=self.db)
           ^^^^^^^^^^^^^^^^^^^^^^^^^^^^^^^^^^^
  File "E:\VE\Edwin Bleeker Review System\advanced_review_system\venv\Lib\site-packages\django\db\models\sql\query.py", line 616, in get_count
    return obj.get_aggregation(using, {"__count": Count("*")})["__count"]
           ^^^^^^^^^^^^^^^^^^^^^^^^^^^^^^^^^^^^^^^^^^^^^^^^^^^
  File "E:\VE\Edwin Bleeker Review System\advanced_review_system\venv\Lib\site-packages\django\db\models\sql\query.py", line 602, in get_aggregation
    result = compiler.execute_sql(SINGLE)
             ^^^^^^^^^^^^^^^^^^^^^^^^^^^^
  File "E:\VE\Edwin Bleeker Review System\advanced_review_system\venv\Lib\site-packages\django\db\models\sql\compiler.py", line 1562, in execute_sql
    cursor.execute(sql, params)
  File "E:\VE\Edwin Bleeker Review System\advanced_review_system\venv\Lib\site-packages\django\db\backends\utils.py", line 122, in execute
    return super().execute(sql, params)
           ^^^^^^^^^^^^^^^^^^^^^^^^^^^^
  File "E:\VE\Edwin Bleeker Review System\advanced_review_system\venv\Lib\site-packages\django\db\backends\utils.py", line 79, in execute
    return self._execute_with_wrappers(
           ^^^^^^^^^^^^^^^^^^^^^^^^^^^^
  File "E:\VE\Edwin Bleeker Review System\advanced_review_system\venv\Lib\site-packages\django\db\backends\utils.py", line 92, in _execute_with_wrappers
    return executor(sql, params, many, context)
           ^^^^^^^^^^^^^^^^^^^^^^^^^^^^^^^^^^^^
  File "E:\VE\Edwin Bleeker Review System\advanced_review_system\venv\Lib\site-packages\django\db\backends\utils.py", line 100, in _execute
    with self.db.wrap_database_errors:
  File "E:\VE\Edwin Bleeker Review System\advanced_review_system\venv\Lib\site-packages\django\db\utils.py", line 91, in __exit__
    raise dj_exc_value.with_traceback(traceback) from exc_value
  File "E:\VE\Edwin Bleeker Review System\advanced_review_system\venv\Lib\site-packages\django\db\backends\utils.py", line 105, in _execute
    return self.cursor.execute(sql, params)
           ^^^^^^^^^^^^^^^^^^^^^^^^^^^^^^^^
  File "E:\VE\Edwin Bleeker Review System\advanced_review_system\venv\Lib\site-packages\django\db\backends\sqlite3\base.py", line 328, in execute
    return super().execute(query, params)
           ^^^^^^^^^^^^^^^^^^^^^^^^^^^^^^
django.db.utils.OperationalError: no such table: review_system_reviewsettings
ERROR 2024-06-10 10:44:11,130 basehttp "GET /admin/review_system/reviewsettings/ HTTP/1.1" 500 209065
INFO 2024-06-10 10:44:17,038 basehttp "GET /admin/review_system/productreviews/ HTTP/1.1" 200 18847
INFO 2024-06-10 10:44:33,396 basehttp "GET /admin/review_system/productreviews/ HTTP/1.1" 200 18847
INFO 2024-06-10 10:44:33,601 basehttp "GET /admin/jsi18n/ HTTP/1.1" 200 3342
WARNING 2024-06-10 10:44:33,880 log Not Found: /media/uploaded_images/VE-meeting-background-final.png
WARNING 2024-06-10 10:44:33,881 log Not Found: /media/uploaded_images/Left_Map_ODC0zUv.png
WARNING 2024-06-10 10:44:33,882 basehttp "GET /media/uploaded_images/VE-meeting-background-final.png HTTP/1.1" 404 4155
WARNING 2024-06-10 10:44:33,888 basehttp "GET /media/uploaded_images/Left_Map_ODC0zUv.png HTTP/1.1" 404 4111
WARNING 2024-06-10 10:44:33,897 log Not Found: /media/uploaded_images/virtual-meeting-background-1_2F2Keds.png
WARNING 2024-06-10 10:44:33,901 basehttp "GET /media/uploaded_images/virtual-meeting-background-1_2F2Keds.png HTTP/1.1" 404 4191
WARNING 2024-06-10 10:44:33,903 log Not Found: /media/uploaded_images/Left_Globe_Pd7DoD7.png
WARNING 2024-06-10 10:44:33,903 basehttp "GET /media/uploaded_images/Left_Globe_Pd7DoD7.png HTTP/1.1" 404 4119
WARNING 2024-06-10 10:44:33,906 log Not Found: /media/uploaded_images/MicrosoftTeams-image_16.png
WARNING 2024-06-10 10:44:33,907 basehttp "GET /media/uploaded_images/MicrosoftTeams-image_16.png HTTP/1.1" 404 4139
WARNING 2024-06-10 10:44:34,388 log Not Found: /favicon.ico
WARNING 2024-06-10 10:44:34,390 basehttp "GET /favicon.ico HTTP/1.1" 404 3896
INFO 2024-06-10 11:19:47,029 autoreload Watching for file changes with StatReloader
ERROR 2024-06-10 11:19:48,907 log Internal Server Error: /admin/review_system/reviewsettings/
Traceback (most recent call last):
  File "E:\VE\Edwin Bleeker Review System\advanced_review_system\venv\Lib\site-packages\django\db\backends\utils.py", line 105, in _execute
    return self.cursor.execute(sql, params)
           ^^^^^^^^^^^^^^^^^^^^^^^^^^^^^^^^
  File "E:\VE\Edwin Bleeker Review System\advanced_review_system\venv\Lib\site-packages\django\db\backends\sqlite3\base.py", line 328, in execute
    return super().execute(query, params)
           ^^^^^^^^^^^^^^^^^^^^^^^^^^^^^^
sqlite3.OperationalError: no such table: review_system_reviewsettings

The above exception was the direct cause of the following exception:

Traceback (most recent call last):
  File "E:\VE\Edwin Bleeker Review System\advanced_review_system\venv\Lib\site-packages\django\core\handlers\exception.py", line 55, in inner
    response = get_response(request)
               ^^^^^^^^^^^^^^^^^^^^^
  File "E:\VE\Edwin Bleeker Review System\advanced_review_system\venv\Lib\site-packages\django\core\handlers\base.py", line 197, in _get_response
    response = wrapped_callback(request, *callback_args, **callback_kwargs)
               ^^^^^^^^^^^^^^^^^^^^^^^^^^^^^^^^^^^^^^^^^^^^^^^^^^^^^^^^^^^^
  File "E:\VE\Edwin Bleeker Review System\advanced_review_system\venv\Lib\site-packages\django\contrib\admin\options.py", line 714, in wrapper
    return self.admin_site.admin_view(view)(*args, **kwargs)
           ^^^^^^^^^^^^^^^^^^^^^^^^^^^^^^^^^^^^^^^^^^^^^^^^^
  File "E:\VE\Edwin Bleeker Review System\advanced_review_system\venv\Lib\site-packages\django\utils\decorators.py", line 188, in _view_wrapper
    result = _process_exception(request, e)
             ^^^^^^^^^^^^^^^^^^^^^^^^^^^^^^
  File "E:\VE\Edwin Bleeker Review System\advanced_review_system\venv\Lib\site-packages\django\utils\decorators.py", line 186, in _view_wrapper
    response = view_func(request, *args, **kwargs)
               ^^^^^^^^^^^^^^^^^^^^^^^^^^^^^^^^^^^
  File "E:\VE\Edwin Bleeker Review System\advanced_review_system\venv\Lib\site-packages\django\views\decorators\cache.py", line 80, in _view_wrapper
    response = view_func(request, *args, **kwargs)
               ^^^^^^^^^^^^^^^^^^^^^^^^^^^^^^^^^^^
  File "E:\VE\Edwin Bleeker Review System\advanced_review_system\venv\Lib\site-packages\django\contrib\admin\sites.py", line 240, in inner
    return view(request, *args, **kwargs)
           ^^^^^^^^^^^^^^^^^^^^^^^^^^^^^^
  File "E:\VE\Edwin Bleeker Review System\advanced_review_system\venv\Lib\site-packages\django\utils\decorators.py", line 48, in _wrapper
    return bound_method(*args, **kwargs)
           ^^^^^^^^^^^^^^^^^^^^^^^^^^^^^
  File "E:\VE\Edwin Bleeker Review System\advanced_review_system\venv\Lib\site-packages\django\utils\decorators.py", line 188, in _view_wrapper
    result = _process_exception(request, e)
             ^^^^^^^^^^^^^^^^^^^^^^^^^^^^^^
  File "E:\VE\Edwin Bleeker Review System\advanced_review_system\venv\Lib\site-packages\django\utils\decorators.py", line 186, in _view_wrapper
    response = view_func(request, *args, **kwargs)
               ^^^^^^^^^^^^^^^^^^^^^^^^^^^^^^^^^^^
  File "E:\VE\Edwin Bleeker Review System\advanced_review_system\venv\Lib\site-packages\django\contrib\admin\options.py", line 1981, in changelist_view
    cl = self.get_changelist_instance(request)
         ^^^^^^^^^^^^^^^^^^^^^^^^^^^^^^^^^^^^^
  File "E:\VE\Edwin Bleeker Review System\advanced_review_system\venv\Lib\site-packages\django\contrib\admin\options.py", line 862, in get_changelist_instance
    return ChangeList(
           ^^^^^^^^^^^
  File "E:\VE\Edwin Bleeker Review System\advanced_review_system\venv\Lib\site-packages\django\contrib\admin\views\main.py", line 145, in __init__
    self.get_results(request)
  File "E:\VE\Edwin Bleeker Review System\advanced_review_system\venv\Lib\site-packages\django\contrib\admin\views\main.py", line 312, in get_results
    result_count = paginator.count
                   ^^^^^^^^^^^^^^^
  File "E:\VE\Edwin Bleeker Review System\advanced_review_system\venv\Lib\site-packages\django\utils\functional.py", line 47, in __get__
    res = instance.__dict__[self.name] = self.func(instance)
                                         ^^^^^^^^^^^^^^^^^^^
  File "E:\VE\Edwin Bleeker Review System\advanced_review_system\venv\Lib\site-packages\django\core\paginator.py", line 110, in count
    return c()
           ^^^
  File "E:\VE\Edwin Bleeker Review System\advanced_review_system\venv\Lib\site-packages\django\db\models\query.py", line 618, in count
    return self.query.get_count(using=self.db)
           ^^^^^^^^^^^^^^^^^^^^^^^^^^^^^^^^^^^
  File "E:\VE\Edwin Bleeker Review System\advanced_review_system\venv\Lib\site-packages\django\db\models\sql\query.py", line 616, in get_count
    return obj.get_aggregation(using, {"__count": Count("*")})["__count"]
           ^^^^^^^^^^^^^^^^^^^^^^^^^^^^^^^^^^^^^^^^^^^^^^^^^^^
  File "E:\VE\Edwin Bleeker Review System\advanced_review_system\venv\Lib\site-packages\django\db\models\sql\query.py", line 602, in get_aggregation
    result = compiler.execute_sql(SINGLE)
             ^^^^^^^^^^^^^^^^^^^^^^^^^^^^
  File "E:\VE\Edwin Bleeker Review System\advanced_review_system\venv\Lib\site-packages\django\db\models\sql\compiler.py", line 1562, in execute_sql
    cursor.execute(sql, params)
  File "E:\VE\Edwin Bleeker Review System\advanced_review_system\venv\Lib\site-packages\django\db\backends\utils.py", line 122, in execute
    return super().execute(sql, params)
           ^^^^^^^^^^^^^^^^^^^^^^^^^^^^
  File "E:\VE\Edwin Bleeker Review System\advanced_review_system\venv\Lib\site-packages\django\db\backends\utils.py", line 79, in execute
    return self._execute_with_wrappers(
           ^^^^^^^^^^^^^^^^^^^^^^^^^^^^
  File "E:\VE\Edwin Bleeker Review System\advanced_review_system\venv\Lib\site-packages\django\db\backends\utils.py", line 92, in _execute_with_wrappers
    return executor(sql, params, many, context)
           ^^^^^^^^^^^^^^^^^^^^^^^^^^^^^^^^^^^^
  File "E:\VE\Edwin Bleeker Review System\advanced_review_system\venv\Lib\site-packages\django\db\backends\utils.py", line 100, in _execute
    with self.db.wrap_database_errors:
  File "E:\VE\Edwin Bleeker Review System\advanced_review_system\venv\Lib\site-packages\django\db\utils.py", line 91, in __exit__
    raise dj_exc_value.with_traceback(traceback) from exc_value
  File "E:\VE\Edwin Bleeker Review System\advanced_review_system\venv\Lib\site-packages\django\db\backends\utils.py", line 105, in _execute
    return self.cursor.execute(sql, params)
           ^^^^^^^^^^^^^^^^^^^^^^^^^^^^^^^^
  File "E:\VE\Edwin Bleeker Review System\advanced_review_system\venv\Lib\site-packages\django\db\backends\sqlite3\base.py", line 328, in execute
    return super().execute(query, params)
           ^^^^^^^^^^^^^^^^^^^^^^^^^^^^^^
django.db.utils.OperationalError: no such table: review_system_reviewsettings
ERROR 2024-06-10 11:19:48,925 basehttp "GET /admin/review_system/reviewsettings/ HTTP/1.1" 500 209071
INFO 2024-06-10 11:20:50,779 autoreload Watching for file changes with StatReloader
ERROR 2024-06-10 11:20:53,698 log Internal Server Error: /admin/review_system/reviewsettings/
Traceback (most recent call last):
  File "E:\VE\Edwin Bleeker Review System\advanced_review_system\venv\Lib\site-packages\django\db\backends\utils.py", line 105, in _execute
    return self.cursor.execute(sql, params)
           ^^^^^^^^^^^^^^^^^^^^^^^^^^^^^^^^
  File "E:\VE\Edwin Bleeker Review System\advanced_review_system\venv\Lib\site-packages\django\db\backends\sqlite3\base.py", line 328, in execute
    return super().execute(query, params)
           ^^^^^^^^^^^^^^^^^^^^^^^^^^^^^^
sqlite3.OperationalError: no such table: review_system_reviewsettings

The above exception was the direct cause of the following exception:

Traceback (most recent call last):
  File "E:\VE\Edwin Bleeker Review System\advanced_review_system\venv\Lib\site-packages\django\core\handlers\exception.py", line 55, in inner
    response = get_response(request)
               ^^^^^^^^^^^^^^^^^^^^^
  File "E:\VE\Edwin Bleeker Review System\advanced_review_system\venv\Lib\site-packages\django\core\handlers\base.py", line 197, in _get_response
    response = wrapped_callback(request, *callback_args, **callback_kwargs)
               ^^^^^^^^^^^^^^^^^^^^^^^^^^^^^^^^^^^^^^^^^^^^^^^^^^^^^^^^^^^^
  File "E:\VE\Edwin Bleeker Review System\advanced_review_system\venv\Lib\site-packages\django\contrib\admin\options.py", line 714, in wrapper
    return self.admin_site.admin_view(view)(*args, **kwargs)
           ^^^^^^^^^^^^^^^^^^^^^^^^^^^^^^^^^^^^^^^^^^^^^^^^^
  File "E:\VE\Edwin Bleeker Review System\advanced_review_system\venv\Lib\site-packages\django\utils\decorators.py", line 188, in _view_wrapper
    result = _process_exception(request, e)
             ^^^^^^^^^^^^^^^^^^^^^^^^^^^^^^
  File "E:\VE\Edwin Bleeker Review System\advanced_review_system\venv\Lib\site-packages\django\utils\decorators.py", line 186, in _view_wrapper
    response = view_func(request, *args, **kwargs)
               ^^^^^^^^^^^^^^^^^^^^^^^^^^^^^^^^^^^
  File "E:\VE\Edwin Bleeker Review System\advanced_review_system\venv\Lib\site-packages\django\views\decorators\cache.py", line 80, in _view_wrapper
    response = view_func(request, *args, **kwargs)
               ^^^^^^^^^^^^^^^^^^^^^^^^^^^^^^^^^^^
  File "E:\VE\Edwin Bleeker Review System\advanced_review_system\venv\Lib\site-packages\django\contrib\admin\sites.py", line 240, in inner
    return view(request, *args, **kwargs)
           ^^^^^^^^^^^^^^^^^^^^^^^^^^^^^^
  File "E:\VE\Edwin Bleeker Review System\advanced_review_system\venv\Lib\site-packages\django\utils\decorators.py", line 48, in _wrapper
    return bound_method(*args, **kwargs)
           ^^^^^^^^^^^^^^^^^^^^^^^^^^^^^
  File "E:\VE\Edwin Bleeker Review System\advanced_review_system\venv\Lib\site-packages\django\utils\decorators.py", line 188, in _view_wrapper
    result = _process_exception(request, e)
             ^^^^^^^^^^^^^^^^^^^^^^^^^^^^^^
  File "E:\VE\Edwin Bleeker Review System\advanced_review_system\venv\Lib\site-packages\django\utils\decorators.py", line 186, in _view_wrapper
    response = view_func(request, *args, **kwargs)
               ^^^^^^^^^^^^^^^^^^^^^^^^^^^^^^^^^^^
  File "E:\VE\Edwin Bleeker Review System\advanced_review_system\venv\Lib\site-packages\django\contrib\admin\options.py", line 1981, in changelist_view
    cl = self.get_changelist_instance(request)
         ^^^^^^^^^^^^^^^^^^^^^^^^^^^^^^^^^^^^^
  File "E:\VE\Edwin Bleeker Review System\advanced_review_system\venv\Lib\site-packages\django\contrib\admin\options.py", line 862, in get_changelist_instance
    return ChangeList(
           ^^^^^^^^^^^
  File "E:\VE\Edwin Bleeker Review System\advanced_review_system\venv\Lib\site-packages\django\contrib\admin\views\main.py", line 145, in __init__
    self.get_results(request)
  File "E:\VE\Edwin Bleeker Review System\advanced_review_system\venv\Lib\site-packages\django\contrib\admin\views\main.py", line 312, in get_results
    result_count = paginator.count
                   ^^^^^^^^^^^^^^^
  File "E:\VE\Edwin Bleeker Review System\advanced_review_system\venv\Lib\site-packages\django\utils\functional.py", line 47, in __get__
    res = instance.__dict__[self.name] = self.func(instance)
                                         ^^^^^^^^^^^^^^^^^^^
  File "E:\VE\Edwin Bleeker Review System\advanced_review_system\venv\Lib\site-packages\django\core\paginator.py", line 110, in count
    return c()
           ^^^
  File "E:\VE\Edwin Bleeker Review System\advanced_review_system\venv\Lib\site-packages\django\db\models\query.py", line 618, in count
    return self.query.get_count(using=self.db)
           ^^^^^^^^^^^^^^^^^^^^^^^^^^^^^^^^^^^
  File "E:\VE\Edwin Bleeker Review System\advanced_review_system\venv\Lib\site-packages\django\db\models\sql\query.py", line 616, in get_count
    return obj.get_aggregation(using, {"__count": Count("*")})["__count"]
           ^^^^^^^^^^^^^^^^^^^^^^^^^^^^^^^^^^^^^^^^^^^^^^^^^^^
  File "E:\VE\Edwin Bleeker Review System\advanced_review_system\venv\Lib\site-packages\django\db\models\sql\query.py", line 602, in get_aggregation
    result = compiler.execute_sql(SINGLE)
             ^^^^^^^^^^^^^^^^^^^^^^^^^^^^
  File "E:\VE\Edwin Bleeker Review System\advanced_review_system\venv\Lib\site-packages\django\db\models\sql\compiler.py", line 1562, in execute_sql
    cursor.execute(sql, params)
  File "E:\VE\Edwin Bleeker Review System\advanced_review_system\venv\Lib\site-packages\django\db\backends\utils.py", line 122, in execute
    return super().execute(sql, params)
           ^^^^^^^^^^^^^^^^^^^^^^^^^^^^
  File "E:\VE\Edwin Bleeker Review System\advanced_review_system\venv\Lib\site-packages\django\db\backends\utils.py", line 79, in execute
    return self._execute_with_wrappers(
           ^^^^^^^^^^^^^^^^^^^^^^^^^^^^
  File "E:\VE\Edwin Bleeker Review System\advanced_review_system\venv\Lib\site-packages\django\db\backends\utils.py", line 92, in _execute_with_wrappers
    return executor(sql, params, many, context)
           ^^^^^^^^^^^^^^^^^^^^^^^^^^^^^^^^^^^^
  File "E:\VE\Edwin Bleeker Review System\advanced_review_system\venv\Lib\site-packages\django\db\backends\utils.py", line 100, in _execute
    with self.db.wrap_database_errors:
  File "E:\VE\Edwin Bleeker Review System\advanced_review_system\venv\Lib\site-packages\django\db\utils.py", line 91, in __exit__
    raise dj_exc_value.with_traceback(traceback) from exc_value
  File "E:\VE\Edwin Bleeker Review System\advanced_review_system\venv\Lib\site-packages\django\db\backends\utils.py", line 105, in _execute
    return self.cursor.execute(sql, params)
           ^^^^^^^^^^^^^^^^^^^^^^^^^^^^^^^^
  File "E:\VE\Edwin Bleeker Review System\advanced_review_system\venv\Lib\site-packages\django\db\backends\sqlite3\base.py", line 328, in execute
    return super().execute(query, params)
           ^^^^^^^^^^^^^^^^^^^^^^^^^^^^^^
django.db.utils.OperationalError: no such table: review_system_reviewsettings
ERROR 2024-06-10 11:20:53,718 basehttp "GET /admin/review_system/reviewsettings/ HTTP/1.1" 500 209202
INFO 2024-06-10 11:20:57,106 basehttp "GET /admin/review_system/productreviews/ HTTP/1.1" 200 18847
ERROR 2024-06-10 11:20:59,076 log Internal Server Error: /admin/review_system/reviewsettings/
Traceback (most recent call last):
  File "E:\VE\Edwin Bleeker Review System\advanced_review_system\venv\Lib\site-packages\django\db\backends\utils.py", line 105, in _execute
    return self.cursor.execute(sql, params)
           ^^^^^^^^^^^^^^^^^^^^^^^^^^^^^^^^
  File "E:\VE\Edwin Bleeker Review System\advanced_review_system\venv\Lib\site-packages\django\db\backends\sqlite3\base.py", line 328, in execute
    return super().execute(query, params)
           ^^^^^^^^^^^^^^^^^^^^^^^^^^^^^^
sqlite3.OperationalError: no such table: review_system_reviewsettings

The above exception was the direct cause of the following exception:

Traceback (most recent call last):
  File "E:\VE\Edwin Bleeker Review System\advanced_review_system\venv\Lib\site-packages\django\core\handlers\exception.py", line 55, in inner
    response = get_response(request)
               ^^^^^^^^^^^^^^^^^^^^^
  File "E:\VE\Edwin Bleeker Review System\advanced_review_system\venv\Lib\site-packages\django\core\handlers\base.py", line 197, in _get_response
    response = wrapped_callback(request, *callback_args, **callback_kwargs)
               ^^^^^^^^^^^^^^^^^^^^^^^^^^^^^^^^^^^^^^^^^^^^^^^^^^^^^^^^^^^^
  File "E:\VE\Edwin Bleeker Review System\advanced_review_system\venv\Lib\site-packages\django\contrib\admin\options.py", line 714, in wrapper
    return self.admin_site.admin_view(view)(*args, **kwargs)
           ^^^^^^^^^^^^^^^^^^^^^^^^^^^^^^^^^^^^^^^^^^^^^^^^^
  File "E:\VE\Edwin Bleeker Review System\advanced_review_system\venv\Lib\site-packages\django\utils\decorators.py", line 188, in _view_wrapper
    result = _process_exception(request, e)
             ^^^^^^^^^^^^^^^^^^^^^^^^^^^^^^
  File "E:\VE\Edwin Bleeker Review System\advanced_review_system\venv\Lib\site-packages\django\utils\decorators.py", line 186, in _view_wrapper
    response = view_func(request, *args, **kwargs)
               ^^^^^^^^^^^^^^^^^^^^^^^^^^^^^^^^^^^
  File "E:\VE\Edwin Bleeker Review System\advanced_review_system\venv\Lib\site-packages\django\views\decorators\cache.py", line 80, in _view_wrapper
    response = view_func(request, *args, **kwargs)
               ^^^^^^^^^^^^^^^^^^^^^^^^^^^^^^^^^^^
  File "E:\VE\Edwin Bleeker Review System\advanced_review_system\venv\Lib\site-packages\django\contrib\admin\sites.py", line 240, in inner
    return view(request, *args, **kwargs)
           ^^^^^^^^^^^^^^^^^^^^^^^^^^^^^^
  File "E:\VE\Edwin Bleeker Review System\advanced_review_system\venv\Lib\site-packages\django\utils\decorators.py", line 48, in _wrapper
    return bound_method(*args, **kwargs)
           ^^^^^^^^^^^^^^^^^^^^^^^^^^^^^
  File "E:\VE\Edwin Bleeker Review System\advanced_review_system\venv\Lib\site-packages\django\utils\decorators.py", line 188, in _view_wrapper
    result = _process_exception(request, e)
             ^^^^^^^^^^^^^^^^^^^^^^^^^^^^^^
  File "E:\VE\Edwin Bleeker Review System\advanced_review_system\venv\Lib\site-packages\django\utils\decorators.py", line 186, in _view_wrapper
    response = view_func(request, *args, **kwargs)
               ^^^^^^^^^^^^^^^^^^^^^^^^^^^^^^^^^^^
  File "E:\VE\Edwin Bleeker Review System\advanced_review_system\venv\Lib\site-packages\django\contrib\admin\options.py", line 1981, in changelist_view
    cl = self.get_changelist_instance(request)
         ^^^^^^^^^^^^^^^^^^^^^^^^^^^^^^^^^^^^^
  File "E:\VE\Edwin Bleeker Review System\advanced_review_system\venv\Lib\site-packages\django\contrib\admin\options.py", line 862, in get_changelist_instance
    return ChangeList(
           ^^^^^^^^^^^
  File "E:\VE\Edwin Bleeker Review System\advanced_review_system\venv\Lib\site-packages\django\contrib\admin\views\main.py", line 145, in __init__
    self.get_results(request)
  File "E:\VE\Edwin Bleeker Review System\advanced_review_system\venv\Lib\site-packages\django\contrib\admin\views\main.py", line 312, in get_results
    result_count = paginator.count
                   ^^^^^^^^^^^^^^^
  File "E:\VE\Edwin Bleeker Review System\advanced_review_system\venv\Lib\site-packages\django\utils\functional.py", line 47, in __get__
    res = instance.__dict__[self.name] = self.func(instance)
                                         ^^^^^^^^^^^^^^^^^^^
  File "E:\VE\Edwin Bleeker Review System\advanced_review_system\venv\Lib\site-packages\django\core\paginator.py", line 110, in count
    return c()
           ^^^
  File "E:\VE\Edwin Bleeker Review System\advanced_review_system\venv\Lib\site-packages\django\db\models\query.py", line 618, in count
    return self.query.get_count(using=self.db)
           ^^^^^^^^^^^^^^^^^^^^^^^^^^^^^^^^^^^
  File "E:\VE\Edwin Bleeker Review System\advanced_review_system\venv\Lib\site-packages\django\db\models\sql\query.py", line 616, in get_count
    return obj.get_aggregation(using, {"__count": Count("*")})["__count"]
           ^^^^^^^^^^^^^^^^^^^^^^^^^^^^^^^^^^^^^^^^^^^^^^^^^^^
  File "E:\VE\Edwin Bleeker Review System\advanced_review_system\venv\Lib\site-packages\django\db\models\sql\query.py", line 602, in get_aggregation
    result = compiler.execute_sql(SINGLE)
             ^^^^^^^^^^^^^^^^^^^^^^^^^^^^
  File "E:\VE\Edwin Bleeker Review System\advanced_review_system\venv\Lib\site-packages\django\db\models\sql\compiler.py", line 1562, in execute_sql
    cursor.execute(sql, params)
  File "E:\VE\Edwin Bleeker Review System\advanced_review_system\venv\Lib\site-packages\django\db\backends\utils.py", line 122, in execute
    return super().execute(sql, params)
           ^^^^^^^^^^^^^^^^^^^^^^^^^^^^
  File "E:\VE\Edwin Bleeker Review System\advanced_review_system\venv\Lib\site-packages\django\db\backends\utils.py", line 79, in execute
    return self._execute_with_wrappers(
           ^^^^^^^^^^^^^^^^^^^^^^^^^^^^
  File "E:\VE\Edwin Bleeker Review System\advanced_review_system\venv\Lib\site-packages\django\db\backends\utils.py", line 92, in _execute_with_wrappers
    return executor(sql, params, many, context)
           ^^^^^^^^^^^^^^^^^^^^^^^^^^^^^^^^^^^^
  File "E:\VE\Edwin Bleeker Review System\advanced_review_system\venv\Lib\site-packages\django\db\backends\utils.py", line 100, in _execute
    with self.db.wrap_database_errors:
  File "E:\VE\Edwin Bleeker Review System\advanced_review_system\venv\Lib\site-packages\django\db\utils.py", line 91, in __exit__
    raise dj_exc_value.with_traceback(traceback) from exc_value
  File "E:\VE\Edwin Bleeker Review System\advanced_review_system\venv\Lib\site-packages\django\db\backends\utils.py", line 105, in _execute
    return self.cursor.execute(sql, params)
           ^^^^^^^^^^^^^^^^^^^^^^^^^^^^^^^^
  File "E:\VE\Edwin Bleeker Review System\advanced_review_system\venv\Lib\site-packages\django\db\backends\sqlite3\base.py", line 328, in execute
    return super().execute(query, params)
           ^^^^^^^^^^^^^^^^^^^^^^^^^^^^^^
django.db.utils.OperationalError: no such table: review_system_reviewsettings
ERROR 2024-06-10 11:20:59,089 basehttp "GET /admin/review_system/reviewsettings/ HTTP/1.1" 500 209065
INFO 2024-06-10 11:21:02,782 basehttp "GET /admin/review_system/productreviews/ HTTP/1.1" 200 18847
INFO 2024-06-10 11:22:08,489 autoreload E:\VE\Edwin Bleeker Review System\advanced_review_system\advanced_review_system\settings.py changed, reloading.
INFO 2024-06-10 11:22:09,555 autoreload Watching for file changes with StatReloader
INFO 2024-06-10 11:24:36,661 autoreload Watching for file changes with StatReloader
INFO 2024-06-10 11:24:56,224 basehttp "GET /admin/review_system/productreviews/ HTTP/1.1" 302 0
INFO 2024-06-10 11:24:56,284 basehttp "GET /admin/login/?next=/admin/review_system/productreviews/ HTTP/1.1" 200 4216
INFO 2024-06-10 11:25:24,011 autoreload Watching for file changes with StatReloader
INFO 2024-06-10 11:25:36,539 basehttp "POST /admin/login/?next=/admin/review_system/productreviews/ HTTP/1.1" 302 0
INFO 2024-06-10 11:25:39,041 basehttp "GET /admin/review_system/productreviews/ HTTP/1.1" 200 27788
WARNING 2024-06-10 11:25:39,215 log Not Found: /media/uploaded_images/profile-img.jpg
WARNING 2024-06-10 11:25:39,215 basehttp "GET /media/uploaded_images/profile-img.jpg HTTP/1.1" 404 4091
INFO 2024-06-10 11:25:40,800 basehttp "GET /admin/jsi18n/ HTTP/1.1" 200 3342
WARNING 2024-06-10 11:25:40,845 log Not Found: /media/uploaded_images/profile-img.jpg
WARNING 2024-06-10 11:25:40,846 basehttp "GET /media/uploaded_images/profile-img.jpg HTTP/1.1" 404 4091
ERROR 2024-06-10 11:25:49,962 log Internal Server Error: /admin/review_system/reviewsettings/
Traceback (most recent call last):
  File "E:\VE\Edwin Bleeker Review System\advanced_review_system\venv\Lib\site-packages\django\db\backends\utils.py", line 105, in _execute
    return self.cursor.execute(sql, params)
           ^^^^^^^^^^^^^^^^^^^^^^^^^^^^^^^^
psycopg2.errors.UndefinedTable: relation "review_system_reviewsettings" does not exist
LINE 1: SELECT COUNT(*) AS "__count" FROM "review_system_reviewsetti...
                                          ^


The above exception was the direct cause of the following exception:

Traceback (most recent call last):
  File "E:\VE\Edwin Bleeker Review System\advanced_review_system\venv\Lib\site-packages\django\core\handlers\exception.py", line 55, in inner
    response = get_response(request)
               ^^^^^^^^^^^^^^^^^^^^^
  File "E:\VE\Edwin Bleeker Review System\advanced_review_system\venv\Lib\site-packages\django\core\handlers\base.py", line 197, in _get_response
    response = wrapped_callback(request, *callback_args, **callback_kwargs)
               ^^^^^^^^^^^^^^^^^^^^^^^^^^^^^^^^^^^^^^^^^^^^^^^^^^^^^^^^^^^^
  File "E:\VE\Edwin Bleeker Review System\advanced_review_system\venv\Lib\site-packages\django\contrib\admin\options.py", line 714, in wrapper
    return self.admin_site.admin_view(view)(*args, **kwargs)
           ^^^^^^^^^^^^^^^^^^^^^^^^^^^^^^^^^^^^^^^^^^^^^^^^^
  File "E:\VE\Edwin Bleeker Review System\advanced_review_system\venv\Lib\site-packages\django\utils\decorators.py", line 188, in _view_wrapper
    result = _process_exception(request, e)
             ^^^^^^^^^^^^^^^^^^^^^^^^^^^^^^
  File "E:\VE\Edwin Bleeker Review System\advanced_review_system\venv\Lib\site-packages\django\utils\decorators.py", line 186, in _view_wrapper
    response = view_func(request, *args, **kwargs)
               ^^^^^^^^^^^^^^^^^^^^^^^^^^^^^^^^^^^
  File "E:\VE\Edwin Bleeker Review System\advanced_review_system\venv\Lib\site-packages\django\views\decorators\cache.py", line 80, in _view_wrapper
    response = view_func(request, *args, **kwargs)
               ^^^^^^^^^^^^^^^^^^^^^^^^^^^^^^^^^^^
  File "E:\VE\Edwin Bleeker Review System\advanced_review_system\venv\Lib\site-packages\django\contrib\admin\sites.py", line 240, in inner
    return view(request, *args, **kwargs)
           ^^^^^^^^^^^^^^^^^^^^^^^^^^^^^^
  File "E:\VE\Edwin Bleeker Review System\advanced_review_system\venv\Lib\site-packages\django\utils\decorators.py", line 48, in _wrapper
    return bound_method(*args, **kwargs)
           ^^^^^^^^^^^^^^^^^^^^^^^^^^^^^
  File "E:\VE\Edwin Bleeker Review System\advanced_review_system\venv\Lib\site-packages\django\utils\decorators.py", line 188, in _view_wrapper
    result = _process_exception(request, e)
             ^^^^^^^^^^^^^^^^^^^^^^^^^^^^^^
  File "E:\VE\Edwin Bleeker Review System\advanced_review_system\venv\Lib\site-packages\django\utils\decorators.py", line 186, in _view_wrapper
    response = view_func(request, *args, **kwargs)
               ^^^^^^^^^^^^^^^^^^^^^^^^^^^^^^^^^^^
  File "E:\VE\Edwin Bleeker Review System\advanced_review_system\venv\Lib\site-packages\django\contrib\admin\options.py", line 1981, in changelist_view
    cl = self.get_changelist_instance(request)
         ^^^^^^^^^^^^^^^^^^^^^^^^^^^^^^^^^^^^^
  File "E:\VE\Edwin Bleeker Review System\advanced_review_system\venv\Lib\site-packages\django\contrib\admin\options.py", line 862, in get_changelist_instance
    return ChangeList(
           ^^^^^^^^^^^
  File "E:\VE\Edwin Bleeker Review System\advanced_review_system\venv\Lib\site-packages\django\contrib\admin\views\main.py", line 145, in __init__
    self.get_results(request)
  File "E:\VE\Edwin Bleeker Review System\advanced_review_system\venv\Lib\site-packages\django\contrib\admin\views\main.py", line 312, in get_results
    result_count = paginator.count
                   ^^^^^^^^^^^^^^^
  File "E:\VE\Edwin Bleeker Review System\advanced_review_system\venv\Lib\site-packages\django\utils\functional.py", line 47, in __get__
    res = instance.__dict__[self.name] = self.func(instance)
                                         ^^^^^^^^^^^^^^^^^^^
  File "E:\VE\Edwin Bleeker Review System\advanced_review_system\venv\Lib\site-packages\django\core\paginator.py", line 110, in count
    return c()
           ^^^
  File "E:\VE\Edwin Bleeker Review System\advanced_review_system\venv\Lib\site-packages\django\db\models\query.py", line 618, in count
    return self.query.get_count(using=self.db)
           ^^^^^^^^^^^^^^^^^^^^^^^^^^^^^^^^^^^
  File "E:\VE\Edwin Bleeker Review System\advanced_review_system\venv\Lib\site-packages\django\db\models\sql\query.py", line 616, in get_count
    return obj.get_aggregation(using, {"__count": Count("*")})["__count"]
           ^^^^^^^^^^^^^^^^^^^^^^^^^^^^^^^^^^^^^^^^^^^^^^^^^^^
  File "E:\VE\Edwin Bleeker Review System\advanced_review_system\venv\Lib\site-packages\django\db\models\sql\query.py", line 602, in get_aggregation
    result = compiler.execute_sql(SINGLE)
             ^^^^^^^^^^^^^^^^^^^^^^^^^^^^
  File "E:\VE\Edwin Bleeker Review System\advanced_review_system\venv\Lib\site-packages\django\db\models\sql\compiler.py", line 1562, in execute_sql
    cursor.execute(sql, params)
  File "E:\VE\Edwin Bleeker Review System\advanced_review_system\venv\Lib\site-packages\django\db\backends\utils.py", line 122, in execute
    return super().execute(sql, params)
           ^^^^^^^^^^^^^^^^^^^^^^^^^^^^
  File "E:\VE\Edwin Bleeker Review System\advanced_review_system\venv\Lib\site-packages\django\db\backends\utils.py", line 79, in execute
    return self._execute_with_wrappers(
           ^^^^^^^^^^^^^^^^^^^^^^^^^^^^
  File "E:\VE\Edwin Bleeker Review System\advanced_review_system\venv\Lib\site-packages\django\db\backends\utils.py", line 92, in _execute_with_wrappers
    return executor(sql, params, many, context)
           ^^^^^^^^^^^^^^^^^^^^^^^^^^^^^^^^^^^^
  File "E:\VE\Edwin Bleeker Review System\advanced_review_system\venv\Lib\site-packages\django\db\backends\utils.py", line 100, in _execute
    with self.db.wrap_database_errors:
  File "E:\VE\Edwin Bleeker Review System\advanced_review_system\venv\Lib\site-packages\django\db\utils.py", line 91, in __exit__
    raise dj_exc_value.with_traceback(traceback) from exc_value
  File "E:\VE\Edwin Bleeker Review System\advanced_review_system\venv\Lib\site-packages\django\db\backends\utils.py", line 105, in _execute
    return self.cursor.execute(sql, params)
           ^^^^^^^^^^^^^^^^^^^^^^^^^^^^^^^^
django.db.utils.ProgrammingError: relation "review_system_reviewsettings" does not exist
LINE 1: SELECT COUNT(*) AS "__count" FROM "review_system_reviewsetti...
                                          ^

ERROR 2024-06-10 11:25:49,982 basehttp "GET /admin/review_system/reviewsettings/ HTTP/1.1" 500 201060
INFO 2024-06-10 11:26:04,243 basehttp "GET /admin/review_system/productreviews/ HTTP/1.1" 200 27899
WARNING 2024-06-10 11:26:04,266 log Not Found: /media/uploaded_images/profile-img_DdbM5QD.jpg
WARNING 2024-06-10 11:26:04,280 basehttp "GET /media/uploaded_images/profile-img_DdbM5QD.jpg HTTP/1.1" 404 4123
INFO 2024-06-10 11:26:33,508 autoreload E:\VE\Edwin Bleeker Review System\advanced_review_system\advanced_review_system\settings.py changed, reloading.
INFO 2024-06-10 11:26:34,411 autoreload Watching for file changes with StatReloader
INFO 2024-06-10 11:27:09,549 autoreload E:\VE\Edwin Bleeker Review System\advanced_review_system\advanced_review_system\settings.py changed, reloading.
INFO 2024-06-10 11:27:10,430 autoreload Watching for file changes with StatReloader
INFO 2024-06-10 11:28:40,496 autoreload Watching for file changes with StatReloader
INFO 2024-06-10 11:29:19,836 autoreload Watching for file changes with StatReloader
INFO 2024-06-10 11:29:24,875 basehttp "GET /admin/review_system/productreviews/ HTTP/1.1" 302 0
INFO 2024-06-10 11:29:24,920 basehttp "GET /admin/login/?next=/admin/review_system/productreviews/ HTTP/1.1" 200 4216
INFO 2024-06-10 11:29:33,122 basehttp "GET /admin/login/?next=/admin HTTP/1.1" 200 4156
INFO 2024-06-10 11:29:41,073 basehttp "POST /admin/login/?next=/admin HTTP/1.1" 302 0
INFO 2024-06-10 11:29:41,082 basehttp "GET /admin HTTP/1.1" 301 0
INFO 2024-06-10 11:29:41,115 basehttp "GET /admin/ HTTP/1.1" 200 8919
INFO 2024-06-10 11:29:45,707 basehttp "GET /admin/review_system/reviewsettings/ HTTP/1.1" 200 10189
INFO 2024-06-10 11:29:45,734 basehttp "GET /admin/jsi18n/ HTTP/1.1" 200 3342
INFO 2024-06-10 11:29:56,127 basehttp "GET /admin/review_system/reviewsettings/add/ HTTP/1.1" 200 10371
INFO 2024-06-10 11:29:56,176 basehttp "GET /admin/jsi18n/ HTTP/1.1" 200 3342
INFO 2024-06-10 11:30:07,470 basehttp "POST /admin/review_system/reviewsettings/add/ HTTP/1.1" 302 0
INFO 2024-06-10 11:30:07,512 basehttp "GET /admin/review_system/reviewsettings/ HTTP/1.1" 200 11791
INFO 2024-06-10 11:30:07,541 basehttp "GET /admin/jsi18n/ HTTP/1.1" 200 3342
INFO 2024-06-10 11:30:18,297 basehttp "GET /admin/review_system/productreviews/ HTTP/1.1" 200 11458
INFO 2024-06-10 11:30:18,348 basehttp "GET /admin/jsi18n/ HTTP/1.1" 200 3342
INFO 2024-06-10 11:30:19,735 basehttp "GET /admin/review_system/productreviews/add/ HTTP/1.1" 200 16297
INFO 2024-06-10 11:30:19,763 basehttp "GET /admin/jsi18n/ HTTP/1.1" 200 3342
INFO 2024-06-10 11:30:51,529 basehttp "POST /admin/review_system/productreviews/add/ HTTP/1.1" 302 0
INFO 2024-06-10 11:30:51,576 basehttp "GET /admin/review_system/productreviews/ HTTP/1.1" 200 14495
INFO 2024-06-10 11:30:51,598 basehttp "GET /admin/jsi18n/ HTTP/1.1" 200 3342
INFO 2024-06-10 11:30:51,711 basehttp "GET /media/uploaded_images/robert-bye-UG5yk14brqQ-unsplash_JtwYxDw.jpg HTTP/1.1" 200 182188
INFO 2024-06-10 11:30:58,506 basehttp "GET /admin/review_system/productreviews/1/change/ HTTP/1.1" 200 17011
INFO 2024-06-10 11:30:58,558 basehttp "GET /admin/jsi18n/ HTTP/1.1" 200 3342
INFO 2024-06-10 11:31:04,819 basehttp "GET /admin/review_system/productreviews/ HTTP/1.1" 200 14265
INFO 2024-06-10 11:36:53,921 autoreload Watching for file changes with StatReloader
INFO 2024-06-10 11:37:01,344 basehttp "GET /admin/review_system/productreviews/ HTTP/1.1" 200 14265
INFO 2024-06-10 11:37:01,381 basehttp "GET /admin/jsi18n/ HTTP/1.1" 200 3342
INFO 2024-06-10 11:37:01,580 basehttp "GET /media/uploaded_images/robert-bye-UG5yk14brqQ-unsplash_JtwYxDw.jpg HTTP/1.1" 200 182188
INFO 2024-06-10 11:37:07,285 basehttp "GET /admin/review_system/reviewsettings/ HTTP/1.1" 200 11560
INFO 2024-06-10 11:37:07,313 basehttp "GET /admin/jsi18n/ HTTP/1.1" 200 3342
INFO 2024-06-10 11:37:09,954 basehttp "GET /admin/review_system/reviewsettings/1/change/ HTTP/1.1" 200 10616
INFO 2024-06-10 11:37:10,008 basehttp "GET /admin/jsi18n/ HTTP/1.1" 200 3342
INFO 2024-06-10 11:37:14,262 basehttp "POST /admin/review_system/reviewsettings/1/change/ HTTP/1.1" 302 0
INFO 2024-06-10 11:37:14,309 basehttp "GET /admin/review_system/reviewsettings/ HTTP/1.1" 200 11793
INFO 2024-06-10 11:37:14,343 basehttp "GET /admin/jsi18n/ HTTP/1.1" 200 3342
INFO 2024-06-10 11:37:16,228 basehttp "GET /admin/review_system/reviewsettings/add/ HTTP/1.1" 200 10371
INFO 2024-06-10 11:37:16,279 basehttp "GET /admin/jsi18n/ HTTP/1.1" 200 3342
INFO 2024-06-10 11:37:20,580 basehttp "POST /admin/review_system/reviewsettings/add/ HTTP/1.1" 302 0
INFO 2024-06-10 11:37:20,620 basehttp "GET /admin/review_system/reviewsettings/ HTTP/1.1" 200 12129
INFO 2024-06-10 11:37:20,649 basehttp "GET /admin/jsi18n/ HTTP/1.1" 200 3342
INFO 2024-06-10 11:37:23,985 basehttp "GET /admin/review_system/productreviews/ HTTP/1.1" 200 14265
INFO 2024-06-10 11:37:24,044 basehttp "GET /admin/jsi18n/ HTTP/1.1" 200 3342
INFO 2024-06-10 11:37:25,620 basehttp "GET /admin/review_system/productreviews/add/ HTTP/1.1" 200 16297
INFO 2024-06-10 11:37:25,651 basehttp "GET /admin/jsi18n/ HTTP/1.1" 200 3342
INFO 2024-06-10 11:37:52,473 basehttp "POST /admin/review_system/productreviews/add/ HTTP/1.1" 302 0
INFO 2024-06-10 11:37:52,513 basehttp "GET /admin/review_system/productreviews/ HTTP/1.1" 200 15197
INFO 2024-06-10 11:37:52,565 basehttp "GET /admin/jsi18n/ HTTP/1.1" 200 3342
INFO 2024-06-10 11:37:52,569 basehttp "GET /media/uploaded_images/robert-bye-UG5yk14brqQ-unsplash_JtwYxDw.jpg HTTP/1.1" 304 0
INFO 2024-06-10 11:40:25,177 autoreload E:\VE\Edwin Bleeker Review System\advanced_review_system\review_system\views.py changed, reloading.
INFO 2024-06-10 11:40:26,055 autoreload Watching for file changes with StatReloader
INFO 2024-06-10 11:40:34,449 basehttp "GET /admin/review_system/productreviews/ HTTP/1.1" 200 14967
INFO 2024-06-10 11:40:34,478 basehttp "GET /media/uploaded_images/robert-bye-UG5yk14brqQ-unsplash_JtwYxDw.jpg HTTP/1.1" 304 0
INFO 2024-06-10 11:40:34,481 basehttp "GET /admin/jsi18n/ HTTP/1.1" 200 3342
INFO 2024-06-10 11:40:38,094 basehttp "GET /admin/review_system/productreviews/add/ HTTP/1.1" 200 16297
INFO 2024-06-10 11:40:38,118 basehttp "GET /admin/jsi18n/ HTTP/1.1" 200 3342
INFO 2024-06-10 11:40:52,921 basehttp "POST /admin/review_system/productreviews/add/ HTTP/1.1" 302 0
INFO 2024-06-10 11:40:52,960 basehttp "GET /admin/review_system/productreviews/ HTTP/1.1" 200 15836
INFO 2024-06-10 11:40:52,985 basehttp "GET /admin/jsi18n/ HTTP/1.1" 200 3342
INFO 2024-06-10 11:41:05,274 basehttp "GET /admin/review_system/reviewsettings/ HTTP/1.1" 200 11898
INFO 2024-06-10 11:41:05,300 basehttp "GET /admin/jsi18n/ HTTP/1.1" 200 3342
INFO 2024-06-10 11:41:06,830 basehttp "GET /admin/review_system/productreviews/ HTTP/1.1" 200 15606
INFO 2024-06-10 11:41:06,852 basehttp "GET /admin/jsi18n/ HTTP/1.1" 200 3342
INFO 2024-06-10 11:46:27,561 autoreload E:\VE\Edwin Bleeker Review System\advanced_review_system\review_system\models.py changed, reloading.
INFO 2024-06-10 11:46:28,524 autoreload Watching for file changes with StatReloader
INFO 2024-06-10 11:46:52,988 autoreload E:\VE\Edwin Bleeker Review System\advanced_review_system\review_system\serializers.py changed, reloading.
INFO 2024-06-10 11:46:53,977 autoreload Watching for file changes with StatReloader
INFO 2024-06-10 11:47:34,582 autoreload E:\VE\Edwin Bleeker Review System\advanced_review_system\review_system\serializers.py changed, reloading.
INFO 2024-06-10 11:47:35,509 autoreload Watching for file changes with StatReloader
INFO 2024-06-10 11:50:08,508 autoreload E:\VE\Edwin Bleeker Review System\advanced_review_system\review_system\views.py changed, reloading.
INFO 2024-06-10 11:50:09,533 autoreload Watching for file changes with StatReloader
INFO 2024-06-10 11:50:27,680 autoreload Watching for file changes with StatReloader
INFO 2024-06-10 11:50:31,513 basehttp "GET /admin/review_system/productreviews/ HTTP/1.1" 200 15606
INFO 2024-06-10 11:50:31,567 basehttp "GET /media/uploaded_images/robert-bye-UG5yk14brqQ-unsplash_JtwYxDw.jpg HTTP/1.1" 304 0
INFO 2024-06-10 11:50:31,571 basehttp "GET /admin/jsi18n/ HTTP/1.1" 200 3342
INFO 2024-06-10 11:50:35,439 basehttp "GET /admin/review_system/productreviews/add/ HTTP/1.1" 200 16830
INFO 2024-06-10 11:50:35,469 basehttp "GET /admin/jsi18n/ HTTP/1.1" 200 3342
INFO 2024-06-10 11:51:21,955 basehttp "POST /admin/review_system/productreviews/add/ HTTP/1.1" 302 0
INFO 2024-06-10 11:51:22,001 basehttp "GET /admin/review_system/productreviews/ HTTP/1.1" 200 16477
INFO 2024-06-10 11:51:22,033 basehttp "GET /admin/jsi18n/ HTTP/1.1" 200 3342
INFO 2024-06-10 11:52:19,657 autoreload E:\VE\Edwin Bleeker Review System\advanced_review_system\review_system\admin.py changed, reloading.
INFO 2024-06-10 11:52:20,600 autoreload Watching for file changes with StatReloader
INFO 2024-06-10 11:52:23,733 basehttp "GET /admin/review_system/productreviews/ HTTP/1.1" 200 16392
INFO 2024-06-10 11:52:23,767 basehttp "GET /admin/jsi18n/ HTTP/1.1" 200 3342
INFO 2024-06-10 11:52:27,006 basehttp "GET /admin/review_system/reviewsettings/ HTTP/1.1" 200 11898
INFO 2024-06-10 11:52:27,028 basehttp "GET /admin/jsi18n/ HTTP/1.1" 200 3342
INFO 2024-06-10 11:52:29,079 basehttp "GET /admin/review_system/productreviews/ HTTP/1.1" 200 16392
INFO 2024-06-10 11:52:29,102 basehttp "GET /admin/jsi18n/ HTTP/1.1" 200 3342
INFO 2024-06-10 11:52:29,121 basehttp "GET /media/uploaded_images/robert-bye-UG5yk14brqQ-unsplash_JtwYxDw.jpg HTTP/1.1" 304 0
INFO 2024-06-10 12:05:12,306 autoreload E:\VE\Edwin Bleeker Review System\advanced_review_system\review_system\admin.py changed, reloading.
INFO 2024-06-10 12:05:13,258 autoreload Watching for file changes with StatReloader
WARNING 2024-06-10 12:07:29,575 log Bad Request: /api/reviews
WARNING 2024-06-10 12:07:29,575 basehttp "POST /api/reviews HTTP/1.1" 400 186
INFO 2024-06-10 12:08:53,628 autoreload E:\VE\Edwin Bleeker Review System\advanced_review_system\review_system\views.py changed, reloading.
INFO 2024-06-10 12:08:54,697 autoreload Watching for file changes with StatReloader
INFO 2024-06-10 12:09:05,788 autoreload E:\VE\Edwin Bleeker Review System\advanced_review_system\review_system\serializers.py changed, reloading.
INFO 2024-06-10 12:09:06,697 autoreload Watching for file changes with StatReloader
WARNING 2024-06-10 12:09:09,977 log Bad Request: /api/reviews
WARNING 2024-06-10 12:09:09,977 basehttp "POST /api/reviews HTTP/1.1" 400 101
INFO 2024-06-10 12:09:32,723 basehttp "POST /api/reviews HTTP/1.1" 201 698
INFO 2024-06-10 12:10:22,778 basehttp "POST /api/reviews HTTP/1.1" 201 698
WARNING 2024-06-10 12:10:30,631 log Bad Request: /api/reviews
WARNING 2024-06-10 12:10:30,631 basehttp "POST /api/reviews HTTP/1.1" 400 155
INFO 2024-06-10 12:10:34,582 basehttp "POST /api/reviews HTTP/1.1" 201 698
INFO 2024-06-10 12:10:39,974 basehttp "GET /admin/review_system/productreviews/ HTTP/1.1" 200 18410
INFO 2024-06-10 12:10:39,995 basehttp "GET /media/uploaded_images/robert-bye-UG5yk14brqQ-unsplash_JtwYxDw.jpg HTTP/1.1" 304 0
INFO 2024-06-10 12:10:39,997 basehttp "GET /admin/jsi18n/ HTTP/1.1" 200 3342
INFO 2024-06-10 12:10:48,661 basehttp "GET /admin/review_system/productreviews/7/change/ HTTP/1.1" 200 17598
INFO 2024-06-10 12:10:48,690 basehttp "GET /admin/jsi18n/ HTTP/1.1" 200 3342
INFO 2024-06-10 12:10:55,967 basehttp "GET /admin/review_system/productreviews/ HTTP/1.1" 200 18410
INFO 2024-06-10 12:15:23,043 autoreload E:\VE\Edwin Bleeker Review System\advanced_review_system\review_system\admin.py changed, reloading.
INFO 2024-06-10 12:15:23,998 autoreload Watching for file changes with StatReloader
INFO 2024-06-10 12:15:26,989 basehttp "GET /admin/review_system/productreviews/ HTTP/1.1" 200 18073
INFO 2024-06-10 12:15:27,011 basehttp "GET /media/uploaded_images/robert-bye-UG5yk14brqQ-unsplash_JtwYxDw.jpg HTTP/1.1" 304 0
INFO 2024-06-10 12:15:27,014 basehttp "GET /admin/jsi18n/ HTTP/1.1" 200 3342
INFO 2024-06-10 12:27:08,386 autoreload E:\VE\Edwin Bleeker Review System\advanced_review_system\review_system\views.py changed, reloading.
INFO 2024-06-10 12:27:09,254 autoreload Watching for file changes with StatReloader
INFO 2024-06-10 16:36:03,032 autoreload Watching for file changes with StatReloader
INFO 2024-06-10 16:37:00,071 basehttp "POST /api/rating HTTP/1.1" 200 126
INFO 2024-06-10 16:37:15,067 basehttp "POST /api/rating HTTP/1.1" 200 104
INFO 2024-06-10 16:37:24,418 basehttp "POST /api/rating HTTP/1.1" 200 127
INFO 2024-06-10 16:37:49,255 autoreload E:\VE\Edwin Bleeker Review System\advanced_review_system\api\views.py changed, reloading.
INFO 2024-06-10 16:37:50,109 autoreload Watching for file changes with StatReloader
INFO 2024-06-10 16:38:00,719 basehttp "POST /api/rating HTTP/1.1" 200 125
INFO 2024-06-10 16:38:23,534 basehttp "POST /api/rating HTTP/1.1" 200 155
INFO 2024-06-10 16:38:37,610 autoreload E:\VE\Edwin Bleeker Review System\advanced_review_system\api\views.py changed, reloading.
INFO 2024-06-10 16:38:38,489 autoreload Watching for file changes with StatReloader
INFO 2024-06-10 16:39:36,847 basehttp "POST /api/rating HTTP/1.1" 200 132
INFO 2024-06-10 16:41:12,527 autoreload E:\VE\Edwin Bleeker Review System\advanced_review_system\api\views.py changed, reloading.
INFO 2024-06-10 16:41:13,469 autoreload Watching for file changes with StatReloader
INFO 2024-06-10 16:41:40,778 basehttp "POST /api/rating HTTP/1.1" 200 127
INFO 2024-06-10 16:41:47,794 basehttp "POST /api/rating HTTP/1.1" 200 122
INFO 2024-06-10 16:41:56,703 basehttp "POST /api/rating HTTP/1.1" 200 116
INFO 2024-06-10 16:42:03,076 basehttp "POST /api/rating HTTP/1.1" 200 132
INFO 2024-06-10 16:42:09,578 basehttp "POST /api/rating HTTP/1.1" 200 118
INFO 2024-06-10 16:42:15,867 basehttp "POST /api/rating HTTP/1.1" 200 114
INFO 2024-06-10 16:42:19,918 basehttp "POST /api/rating HTTP/1.1" 200 115
INFO 2024-06-10 16:42:24,341 basehttp "POST /api/rating HTTP/1.1" 200 115
INFO 2024-06-10 16:51:38,062 autoreload E:\VE\Edwin Bleeker Review System\advanced_review_system\api\views.py changed, reloading.
INFO 2024-06-10 16:51:39,008 autoreload Watching for file changes with StatReloader
WARNING 2024-06-10 16:51:44,451 log Bad Request: /api/rating
WARNING 2024-06-10 16:51:44,452 basehttp "POST /api/rating HTTP/1.1" 400 36
INFO 2024-06-10 16:52:01,152 autoreload E:\VE\Edwin Bleeker Review System\advanced_review_system\api\views.py changed, reloading.
INFO 2024-06-10 16:52:02,093 autoreload Watching for file changes with StatReloader
INFO 2024-06-10 16:52:07,118 basehttp "POST /api/rating HTTP/1.1" 200 18
INFO 2024-06-10 16:52:11,078 basehttp "POST /api/rating HTTP/1.1" 200 111
INFO 2024-06-10 16:57:36,715 autoreload E:\VE\Edwin Bleeker Review System\advanced_review_system\api\views.py changed, reloading.
INFO 2024-06-10 16:57:37,730 autoreload Watching for file changes with StatReloader
INFO 2024-06-10 16:57:40,511 basehttp "POST /api/rating HTTP/1.1" 200 18
INFO 2024-06-10 16:58:11,323 basehttp "POST /api/rating HTTP/1.1" 200 18
INFO 2024-06-10 16:59:06,664 autoreload E:\VE\Edwin Bleeker Review System\advanced_review_system\api\views.py changed, reloading.
INFO 2024-06-10 16:59:07,677 autoreload Watching for file changes with StatReloader
INFO 2024-06-10 16:59:13,441 basehttp "POST /api/rating HTTP/1.1" 200 111
WARNING 2024-06-10 16:59:26,412 log Bad Request: /api/rating
WARNING 2024-06-10 16:59:26,413 basehttp "POST /api/rating HTTP/1.1" 400 104
INFO 2024-06-10 16:59:38,485 basehttp "POST /api/rating HTTP/1.1" 200 18
INFO 2024-06-10 17:00:23,043 autoreload E:\VE\Edwin Bleeker Review System\advanced_review_system\api\views.py changed, reloading.
INFO 2024-06-10 17:00:23,974 autoreload Watching for file changes with StatReloader
INFO 2024-06-10 17:00:27,437 basehttp "POST /api/rating HTTP/1.1" 200 18
INFO 2024-06-10 17:00:38,872 basehttp "POST /api/rating HTTP/1.1" 200 18
INFO 2024-06-10 17:00:47,409 basehttp "POST /api/rating HTTP/1.1" 200 18
INFO 2024-06-10 17:00:56,852 basehttp "POST /api/rating HTTP/1.1" 200 18
INFO 2024-06-10 17:01:17,451 autoreload E:\VE\Edwin Bleeker Review System\advanced_review_system\api\views.py changed, reloading.
INFO 2024-06-10 17:01:18,436 autoreload Watching for file changes with StatReloader
INFO 2024-06-10 17:01:21,795 basehttp "POST /api/rating HTTP/1.1" 200 141
INFO 2024-06-10 17:07:40,813 autoreload E:\VE\Edwin Bleeker Review System\advanced_review_system\api\views.py changed, reloading.
INFO 2024-06-10 17:07:41,734 autoreload Watching for file changes with StatReloader
INFO 2024-06-10 17:08:09,477 basehttp "GET /admin/review_system/productreviews/ HTTP/1.1" 200 18410
INFO 2024-06-10 17:08:09,504 basehttp "GET /admin/jsi18n/ HTTP/1.1" 200 3342
INFO 2024-06-10 17:08:09,667 basehttp "GET /media/uploaded_images/robert-bye-UG5yk14brqQ-unsplash_JtwYxDw.jpg HTTP/1.1" 304 0
INFO 2024-06-10 17:08:12,914 basehttp "GET /admin/review_system/productreviews/ HTTP/1.1" 200 18410
INFO 2024-06-10 17:08:12,940 basehttp "GET /admin/jsi18n/ HTTP/1.1" 200 3342
INFO 2024-06-10 17:08:16,720 basehttp "GET /admin/review_system/reviewsettings/ HTTP/1.1" 200 11898
INFO 2024-06-10 17:08:16,740 basehttp "GET /admin/jsi18n/ HTTP/1.1" 200 3342
INFO 2024-06-10 17:08:23,796 basehttp "POST /admin/review_system/reviewsettings/ HTTP/1.1" 200 9738
INFO 2024-06-10 17:08:23,945 basehttp "GET /static/admin/js/cancel.js HTTP/1.1" 200 884
INFO 2024-06-10 17:08:25,026 basehttp "POST /admin/review_system/reviewsettings/ HTTP/1.1" 302 0
INFO 2024-06-10 17:08:25,051 basehttp "GET /admin/review_system/reviewsettings/ HTTP/1.1" 200 10335
INFO 2024-06-10 17:08:25,075 basehttp "GET /admin/jsi18n/ HTTP/1.1" 200 3342
INFO 2024-06-10 17:08:30,115 basehttp "GET /admin/review_system/reviewsettings/add/ HTTP/1.1" 200 10371
INFO 2024-06-10 17:08:30,164 basehttp "GET /admin/jsi18n/ HTTP/1.1" 200 3342
INFO 2024-06-10 17:08:36,393 basehttp "POST /admin/review_system/reviewsettings/add/ HTTP/1.1" 302 0
INFO 2024-06-10 17:08:36,436 basehttp "GET /admin/review_system/reviewsettings/ HTTP/1.1" 200 11791
INFO 2024-06-10 17:08:36,463 basehttp "GET /admin/jsi18n/ HTTP/1.1" 200 3342
INFO 2024-06-10 17:08:40,456 basehttp "GET /admin/review_system/productreviews/ HTTP/1.1" 200 18410
INFO 2024-06-10 17:08:40,494 basehttp "GET /admin/jsi18n/ HTTP/1.1" 200 3342
INFO 2024-06-10 17:08:47,437 basehttp "GET /admin/review_system/productreviews/add/ HTTP/1.1" 200 16830
INFO 2024-06-10 17:08:47,465 basehttp "GET /admin/jsi18n/ HTTP/1.1" 200 3342
INFO 2024-06-10 17:11:31,831 basehttp "POST /admin/review_system/productreviews/add/ HTTP/1.1" 302 0
INFO 2024-06-10 17:11:31,941 basehttp "GET /admin/review_system/productreviews/ HTTP/1.1" 200 19342
INFO 2024-06-10 17:11:31,979 basehttp "GET /admin/jsi18n/ HTTP/1.1" 200 3342
INFO 2024-06-10 17:13:41,819 autoreload E:\VE\Edwin Bleeker Review System\advanced_review_system\review_system\views.py changed, reloading.
INFO 2024-06-10 17:13:42,771 autoreload Watching for file changes with StatReloader
INFO 2024-06-10 17:13:49,972 autoreload Watching for file changes with StatReloader
INFO 2024-06-10 17:14:23,468 basehttp "GET /admin/review_system/reviewsettings/ HTTP/1.1" 200 11560
INFO 2024-06-10 17:14:23,498 basehttp "GET /admin/jsi18n/ HTTP/1.1" 200 3342
INFO 2024-06-10 17:14:28,911 basehttp "POST /admin/review_system/reviewsettings/ HTTP/1.1" 200 9569
INFO 2024-06-10 17:14:30,047 basehttp "POST /admin/review_system/reviewsettings/ HTTP/1.1" 302 0
INFO 2024-06-10 17:14:30,077 basehttp "GET /admin/review_system/reviewsettings/ HTTP/1.1" 200 10334
INFO 2024-06-10 17:14:30,099 basehttp "GET /admin/jsi18n/ HTTP/1.1" 200 3342
INFO 2024-06-10 17:14:31,845 basehttp "GET /admin/review_system/reviewsettings/add/ HTTP/1.1" 200 10371
INFO 2024-06-10 17:14:31,880 basehttp "GET /admin/jsi18n/ HTTP/1.1" 200 3342
INFO 2024-06-10 17:14:34,917 basehttp "POST /admin/review_system/reviewsettings/add/ HTTP/1.1" 302 0
INFO 2024-06-10 17:14:34,959 basehttp "GET /admin/review_system/reviewsettings/ HTTP/1.1" 200 11791
INFO 2024-06-10 17:14:34,995 basehttp "GET /admin/jsi18n/ HTTP/1.1" 200 3342
INFO 2024-06-10 17:15:27,491 autoreload E:\VE\Edwin Bleeker Review System\advanced_review_system\review_system\serializers.py changed, reloading.
INFO 2024-06-10 17:15:28,411 autoreload Watching for file changes with StatReloader
INFO 2024-06-10 17:20:28,819 autoreload E:\VE\Edwin Bleeker Review System\advanced_review_system\review_system\models.py changed, reloading.
INFO 2024-06-10 17:20:29,835 autoreload Watching for file changes with StatReloader
INFO 2024-06-10 17:21:03,283 autoreload E:\VE\Edwin Bleeker Review System\advanced_review_system\review_system\models.py changed, reloading.
INFO 2024-06-10 17:21:04,298 autoreload Watching for file changes with StatReloader
INFO 2024-06-10 17:27:01,485 autoreload Watching for file changes with StatReloader
INFO 2024-06-10 17:27:04,662 basehttp "GET /admin/review_system/reviewsettings/ HTTP/1.1" 200 11553
INFO 2024-06-10 17:27:04,722 basehttp "GET /admin/jsi18n/ HTTP/1.1" 200 3342
INFO 2024-06-10 17:27:09,896 basehttp "POST /admin/review_system/reviewsettings/ HTTP/1.1" 200 9564
INFO 2024-06-10 17:27:10,911 basehttp "POST /admin/review_system/reviewsettings/ HTTP/1.1" 302 0
INFO 2024-06-10 17:27:10,940 basehttp "GET /admin/review_system/reviewsettings/ HTTP/1.1" 200 10327
INFO 2024-06-10 17:27:11,084 basehttp "GET /admin/jsi18n/ HTTP/1.1" 200 3342
INFO 2024-06-10 17:27:12,416 basehttp "GET /admin/review_system/reviewsettings/add/ HTTP/1.1" 200 10366
INFO 2024-06-10 17:27:12,462 basehttp "GET /admin/jsi18n/ HTTP/1.1" 200 3342
INFO 2024-06-10 17:27:18,159 basehttp "POST /admin/review_system/reviewsettings/add/ HTTP/1.1" 302 0
INFO 2024-06-10 17:27:18,199 basehttp "GET /admin/review_system/reviewsettings/ HTTP/1.1" 200 11783
INFO 2024-06-10 17:27:18,233 basehttp "GET /admin/jsi18n/ HTTP/1.1" 200 3342
INFO 2024-06-10 17:28:00,228 basehttp "GET /admin/review_system/productreviews/ HTTP/1.1" 200 19111
INFO 2024-06-10 17:28:00,256 basehttp "GET /admin/jsi18n/ HTTP/1.1" 200 3342
INFO 2024-06-10 17:28:01,732 basehttp "GET /admin/review_system/productreviews/add/ HTTP/1.1" 200 16829
INFO 2024-06-10 17:28:01,753 basehttp "GET /admin/jsi18n/ HTTP/1.1" 200 3342
INFO 2024-06-10 17:28:14,623 basehttp "POST /admin/review_system/productreviews/add/ HTTP/1.1" 302 0
INFO 2024-06-10 17:28:14,672 basehttp "GET /admin/review_system/productreviews/ HTTP/1.1" 200 19976
INFO 2024-06-10 17:28:14,694 basehttp "GET /admin/jsi18n/ HTTP/1.1" 200 3342
INFO 2024-06-10 17:28:25,520 basehttp "POST /admin/review_system/productreviews/ HTTP/1.1" 200 10901
INFO 2024-06-10 17:28:26,845 basehttp "POST /admin/review_system/productreviews/ HTTP/1.1" 302 0
INFO 2024-06-10 17:28:26,871 basehttp "GET /admin/review_system/productreviews/ HTTP/1.1" 200 11602
INFO 2024-06-10 17:28:26,899 basehttp "GET /admin/jsi18n/ HTTP/1.1" 200 3342
INFO 2024-06-10 17:28:29,013 basehttp "GET /admin/review_system/productreviews/add/ HTTP/1.1" 200 16829
INFO 2024-06-10 17:28:29,071 basehttp "GET /admin/jsi18n/ HTTP/1.1" 200 3342
INFO 2024-06-10 17:28:44,772 basehttp "POST /admin/review_system/productreviews/add/ HTTP/1.1" 302 0
INFO 2024-06-10 17:28:44,810 basehttp "GET /admin/review_system/productreviews/ HTTP/1.1" 200 14532
INFO 2024-06-10 17:28:44,836 basehttp "GET /admin/jsi18n/ HTTP/1.1" 200 3342
INFO 2024-06-10 17:28:47,331 basehttp "GET /admin/review_system/reviewsettings/ HTTP/1.1" 200 11553
INFO 2024-06-10 17:28:47,381 basehttp "GET /admin/jsi18n/ HTTP/1.1" 200 3342
INFO 2024-06-10 17:28:48,542 basehttp "GET /admin/review_system/reviewsettings/add/ HTTP/1.1" 200 10366
INFO 2024-06-10 17:28:48,574 basehttp "GET /admin/jsi18n/ HTTP/1.1" 200 3342
ERROR 2024-06-10 17:28:50,325 log Internal Server Error: /admin/review_system/reviewsettings/add/
Traceback (most recent call last):
  File "E:\VE\Edwin Bleeker Review System\advanced_review_system\venv\Lib\site-packages\django\core\handlers\exception.py", line 55, in inner
    response = get_response(request)
               ^^^^^^^^^^^^^^^^^^^^^
  File "E:\VE\Edwin Bleeker Review System\advanced_review_system\venv\Lib\site-packages\django\core\handlers\base.py", line 197, in _get_response
    response = wrapped_callback(request, *callback_args, **callback_kwargs)
               ^^^^^^^^^^^^^^^^^^^^^^^^^^^^^^^^^^^^^^^^^^^^^^^^^^^^^^^^^^^^
  File "E:\VE\Edwin Bleeker Review System\advanced_review_system\venv\Lib\site-packages\django\contrib\admin\options.py", line 714, in wrapper
    return self.admin_site.admin_view(view)(*args, **kwargs)
           ^^^^^^^^^^^^^^^^^^^^^^^^^^^^^^^^^^^^^^^^^^^^^^^^^
  File "E:\VE\Edwin Bleeker Review System\advanced_review_system\venv\Lib\site-packages\django\utils\decorators.py", line 188, in _view_wrapper
    result = _process_exception(request, e)
             ^^^^^^^^^^^^^^^^^^^^^^^^^^^^^^
  File "E:\VE\Edwin Bleeker Review System\advanced_review_system\venv\Lib\site-packages\django\utils\decorators.py", line 186, in _view_wrapper
    response = view_func(request, *args, **kwargs)
               ^^^^^^^^^^^^^^^^^^^^^^^^^^^^^^^^^^^
  File "E:\VE\Edwin Bleeker Review System\advanced_review_system\venv\Lib\site-packages\django\views\decorators\cache.py", line 80, in _view_wrapper
    response = view_func(request, *args, **kwargs)
               ^^^^^^^^^^^^^^^^^^^^^^^^^^^^^^^^^^^
  File "E:\VE\Edwin Bleeker Review System\advanced_review_system\venv\Lib\site-packages\django\contrib\admin\sites.py", line 240, in inner
    return view(request, *args, **kwargs)
           ^^^^^^^^^^^^^^^^^^^^^^^^^^^^^^
  File "E:\VE\Edwin Bleeker Review System\advanced_review_system\venv\Lib\site-packages\django\contrib\admin\options.py", line 1941, in add_view
    return self.changeform_view(request, None, form_url, extra_context)
           ^^^^^^^^^^^^^^^^^^^^^^^^^^^^^^^^^^^^^^^^^^^^^^^^^^^^^^^^^^^^
  File "E:\VE\Edwin Bleeker Review System\advanced_review_system\venv\Lib\site-packages\django\utils\decorators.py", line 48, in _wrapper
    return bound_method(*args, **kwargs)
           ^^^^^^^^^^^^^^^^^^^^^^^^^^^^^
  File "E:\VE\Edwin Bleeker Review System\advanced_review_system\venv\Lib\site-packages\django\utils\decorators.py", line 188, in _view_wrapper
    result = _process_exception(request, e)
             ^^^^^^^^^^^^^^^^^^^^^^^^^^^^^^
  File "E:\VE\Edwin Bleeker Review System\advanced_review_system\venv\Lib\site-packages\django\utils\decorators.py", line 186, in _view_wrapper
    response = view_func(request, *args, **kwargs)
               ^^^^^^^^^^^^^^^^^^^^^^^^^^^^^^^^^^^
  File "E:\VE\Edwin Bleeker Review System\advanced_review_system\venv\Lib\site-packages\django\contrib\admin\options.py", line 1802, in changeform_view
    return self._changeform_view(request, object_id, form_url, extra_context)
           ^^^^^^^^^^^^^^^^^^^^^^^^^^^^^^^^^^^^^^^^^^^^^^^^^^^^^^^^^^^^^^^^^^
  File "E:\VE\Edwin Bleeker Review System\advanced_review_system\venv\Lib\site-packages\django\contrib\admin\options.py", line 1853, in _changeform_view
    self.save_model(request, new_object, form, not add)
  File "E:\VE\Edwin Bleeker Review System\advanced_review_system\venv\Lib\site-packages\django\contrib\admin\options.py", line 1257, in save_model
    obj.save()
  File "E:\VE\Edwin Bleeker Review System\advanced_review_system\review_system\models.py", line 18, in save
    raise ValidationError('There can be only one ReviewSettings instance')
django.core.exceptions.ValidationError: ['There can be only one ReviewSettings instance']
ERROR 2024-06-10 17:28:50,336 basehttp "POST /admin/review_system/reviewsettings/add/ HTTP/1.1" 500 142464
INFO 2024-06-10 17:28:54,002 basehttp "GET /admin/review_system/reviewsettings/add/ HTTP/1.1" 200 10366
ERROR 2024-06-10 17:28:56,545 log Internal Server Error: /admin/review_system/reviewsettings/add/
Traceback (most recent call last):
  File "E:\VE\Edwin Bleeker Review System\advanced_review_system\venv\Lib\site-packages\django\core\handlers\exception.py", line 55, in inner
    response = get_response(request)
               ^^^^^^^^^^^^^^^^^^^^^
  File "E:\VE\Edwin Bleeker Review System\advanced_review_system\venv\Lib\site-packages\django\core\handlers\base.py", line 197, in _get_response
    response = wrapped_callback(request, *callback_args, **callback_kwargs)
               ^^^^^^^^^^^^^^^^^^^^^^^^^^^^^^^^^^^^^^^^^^^^^^^^^^^^^^^^^^^^
  File "E:\VE\Edwin Bleeker Review System\advanced_review_system\venv\Lib\site-packages\django\contrib\admin\options.py", line 714, in wrapper
    return self.admin_site.admin_view(view)(*args, **kwargs)
           ^^^^^^^^^^^^^^^^^^^^^^^^^^^^^^^^^^^^^^^^^^^^^^^^^
  File "E:\VE\Edwin Bleeker Review System\advanced_review_system\venv\Lib\site-packages\django\utils\decorators.py", line 188, in _view_wrapper
    result = _process_exception(request, e)
             ^^^^^^^^^^^^^^^^^^^^^^^^^^^^^^
  File "E:\VE\Edwin Bleeker Review System\advanced_review_system\venv\Lib\site-packages\django\utils\decorators.py", line 186, in _view_wrapper
    response = view_func(request, *args, **kwargs)
               ^^^^^^^^^^^^^^^^^^^^^^^^^^^^^^^^^^^
  File "E:\VE\Edwin Bleeker Review System\advanced_review_system\venv\Lib\site-packages\django\views\decorators\cache.py", line 80, in _view_wrapper
    response = view_func(request, *args, **kwargs)
               ^^^^^^^^^^^^^^^^^^^^^^^^^^^^^^^^^^^
  File "E:\VE\Edwin Bleeker Review System\advanced_review_system\venv\Lib\site-packages\django\contrib\admin\sites.py", line 240, in inner
    return view(request, *args, **kwargs)
           ^^^^^^^^^^^^^^^^^^^^^^^^^^^^^^
  File "E:\VE\Edwin Bleeker Review System\advanced_review_system\venv\Lib\site-packages\django\contrib\admin\options.py", line 1941, in add_view
    return self.changeform_view(request, None, form_url, extra_context)
           ^^^^^^^^^^^^^^^^^^^^^^^^^^^^^^^^^^^^^^^^^^^^^^^^^^^^^^^^^^^^
  File "E:\VE\Edwin Bleeker Review System\advanced_review_system\venv\Lib\site-packages\django\utils\decorators.py", line 48, in _wrapper
    return bound_method(*args, **kwargs)
           ^^^^^^^^^^^^^^^^^^^^^^^^^^^^^
  File "E:\VE\Edwin Bleeker Review System\advanced_review_system\venv\Lib\site-packages\django\utils\decorators.py", line 188, in _view_wrapper
    result = _process_exception(request, e)
             ^^^^^^^^^^^^^^^^^^^^^^^^^^^^^^
  File "E:\VE\Edwin Bleeker Review System\advanced_review_system\venv\Lib\site-packages\django\utils\decorators.py", line 186, in _view_wrapper
    response = view_func(request, *args, **kwargs)
               ^^^^^^^^^^^^^^^^^^^^^^^^^^^^^^^^^^^
  File "E:\VE\Edwin Bleeker Review System\advanced_review_system\venv\Lib\site-packages\django\contrib\admin\options.py", line 1802, in changeform_view
    return self._changeform_view(request, object_id, form_url, extra_context)
           ^^^^^^^^^^^^^^^^^^^^^^^^^^^^^^^^^^^^^^^^^^^^^^^^^^^^^^^^^^^^^^^^^^
  File "E:\VE\Edwin Bleeker Review System\advanced_review_system\venv\Lib\site-packages\django\contrib\admin\options.py", line 1853, in _changeform_view
    self.save_model(request, new_object, form, not add)
  File "E:\VE\Edwin Bleeker Review System\advanced_review_system\venv\Lib\site-packages\django\contrib\admin\options.py", line 1257, in save_model
    obj.save()
  File "E:\VE\Edwin Bleeker Review System\advanced_review_system\review_system\models.py", line 18, in save
    raise ValidationError('There can be only one ReviewSettings instance')
django.core.exceptions.ValidationError: ['There can be only one ReviewSettings instance']
ERROR 2024-06-10 17:28:56,553 basehttp "POST /admin/review_system/reviewsettings/add/ HTTP/1.1" 500 142464
INFO 2024-06-10 17:28:58,206 basehttp "GET /admin/review_system/reviewsettings/add/ HTTP/1.1" 200 10366
INFO 2024-06-10 17:29:02,012 basehttp "GET /admin/review_system/reviewsettings/ HTTP/1.1" 200 11553
INFO 2024-06-10 17:29:03,961 basehttp "GET /admin/review_system/reviewsettings/5/change/ HTTP/1.1" 200 10612
INFO 2024-06-10 17:29:03,984 basehttp "GET /admin/jsi18n/ HTTP/1.1" 200 3342
INFO 2024-06-10 17:29:07,167 basehttp "POST /admin/review_system/reviewsettings/5/change/ HTTP/1.1" 302 0
INFO 2024-06-10 17:29:07,206 basehttp "GET /admin/review_system/reviewsettings/ HTTP/1.1" 200 11789
INFO 2024-06-10 17:29:07,259 basehttp "GET /admin/jsi18n/ HTTP/1.1" 200 3342
INFO 2024-06-10 17:29:07,354 basehttp "GET /static/admin/img/icon-unknown.svg HTTP/1.1" 200 655
INFO 2024-06-10 17:29:09,985 basehttp "GET /admin/review_system/reviewsettings/5/change/ HTTP/1.1" 200 10612
INFO 2024-06-10 17:29:10,013 basehttp "GET /admin/jsi18n/ HTTP/1.1" 200 3342
INFO 2024-06-10 17:29:12,688 basehttp "POST /admin/review_system/reviewsettings/5/change/ HTTP/1.1" 302 0
INFO 2024-06-10 17:29:12,728 basehttp "GET /admin/review_system/reviewsettings/ HTTP/1.1" 200 11785
INFO 2024-06-10 17:29:12,781 basehttp "GET /admin/jsi18n/ HTTP/1.1" 200 3342
INFO 2024-06-10 17:29:12,785 basehttp "GET /static/admin/img/icon-no.svg HTTP/1.1" 200 560
INFO 2024-06-10 17:29:15,962 basehttp "GET /admin/review_system/productreviews/ HTTP/1.1" 200 14301
INFO 2024-06-10 17:29:15,984 basehttp "GET /admin/jsi18n/ HTTP/1.1" 200 3342
INFO 2024-06-10 17:29:17,160 basehttp "GET /admin/review_system/productreviews/add/ HTTP/1.1" 200 16829
INFO 2024-06-10 17:29:17,181 basehttp "GET /admin/jsi18n/ HTTP/1.1" 200 3342
INFO 2024-06-10 17:29:35,781 basehttp "POST /admin/review_system/productreviews/add/ HTTP/1.1" 302 0
INFO 2024-06-10 17:29:35,908 basehttp "GET /admin/review_system/productreviews/ HTTP/1.1" 200 15241
INFO 2024-06-10 17:29:35,934 basehttp "GET /admin/jsi18n/ HTTP/1.1" 200 3342
INFO 2024-06-10 17:29:44,721 basehttp "GET /admin/review_system/reviewsettings/ HTTP/1.1" 200 11553
INFO 2024-06-10 17:29:44,761 basehttp "GET /admin/jsi18n/ HTTP/1.1" 200 3342
INFO 2024-06-10 17:29:51,804 basehttp "GET /admin/review_system/reviewsettings/5/change/ HTTP/1.1" 200 10612
INFO 2024-06-10 17:29:51,833 basehttp "GET /admin/jsi18n/ HTTP/1.1" 200 3342
INFO 2024-06-10 17:29:58,049 basehttp "POST /admin/review_system/reviewsettings/5/change/ HTTP/1.1" 302 0
INFO 2024-06-10 17:29:58,094 basehttp "GET /admin/review_system/reviewsettings/ HTTP/1.1" 200 11785
INFO 2024-06-10 17:29:58,152 basehttp "GET /admin/jsi18n/ HTTP/1.1" 200 3342
INFO 2024-06-10 17:30:31,086 basehttp "GET /admin/review_system/reviewformdesign/ HTTP/1.1" 200 10933
INFO 2024-06-10 17:30:31,117 basehttp "GET /admin/jsi18n/ HTTP/1.1" 200 3342
INFO 2024-06-10 17:30:32,582 basehttp "GET /admin/review_system/reviewlistdesign/ HTTP/1.1" 200 10933
INFO 2024-06-10 17:30:32,609 basehttp "GET /admin/jsi18n/ HTTP/1.1" 200 3342
INFO 2024-06-10 17:30:34,279 basehttp "GET /admin/review_system/productreviews/ HTTP/1.1" 200 15010
INFO 2024-06-10 17:30:34,313 basehttp "GET /admin/jsi18n/ HTTP/1.1" 200 3342
INFO 2024-06-11 12:32:55,562 autoreload E:\VE\Edwin Bleeker Review System\advanced_review_system\review_system\views.py changed, reloading.
INFO 2024-06-11 12:32:56,890 autoreload Watching for file changes with StatReloader
INFO 2024-06-11 12:33:59,248 autoreload Watching for file changes with StatReloader
INFO 2024-06-11 12:34:01,780 basehttp "GET /admin/review_system/productreviews/ HTTP/1.1" 200 15010
INFO 2024-06-11 12:34:01,835 basehttp "GET /admin/jsi18n/ HTTP/1.1" 200 3342
INFO 2024-06-11 12:34:08,003 basehttp "GET /admin/review_system/reviewsettings/ HTTP/1.1" 200 11553
INFO 2024-06-11 12:34:08,026 basehttp "GET /admin/jsi18n/ HTTP/1.1" 200 3342
INFO 2024-06-11 12:34:15,441 basehttp "POST /admin/review_system/reviewsettings/ HTTP/1.1" 200 9564
INFO 2024-06-11 12:34:16,409 basehttp "POST /admin/review_system/reviewsettings/ HTTP/1.1" 302 0
INFO 2024-06-11 12:34:16,435 basehttp "GET /admin/review_system/reviewsettings/ HTTP/1.1" 200 10327
INFO 2024-06-11 12:34:16,461 basehttp "GET /admin/jsi18n/ HTTP/1.1" 200 3342
INFO 2024-06-11 12:34:18,165 basehttp "GET /admin/review_system/reviewsettings/add/ HTTP/1.1" 200 10366
INFO 2024-06-11 12:34:18,188 basehttp "GET /admin/jsi18n/ HTTP/1.1" 200 3342
INFO 2024-06-11 12:34:21,817 basehttp "POST /admin/review_system/reviewsettings/add/ HTTP/1.1" 302 0
INFO 2024-06-11 12:34:21,853 basehttp "GET /admin/review_system/reviewsettings/ HTTP/1.1" 200 11783
INFO 2024-06-11 12:34:21,893 basehttp "GET /admin/jsi18n/ HTTP/1.1" 200 3342
INFO 2024-06-11 12:34:23,697 basehttp "GET /admin/review_system/productreviews/ HTTP/1.1" 200 15010
INFO 2024-06-11 12:34:23,747 basehttp "GET /admin/jsi18n/ HTTP/1.1" 200 3342
INFO 2024-06-11 12:34:25,266 basehttp "GET /admin/review_system/productreviews/add/ HTTP/1.1" 200 16829
INFO 2024-06-11 12:34:25,287 basehttp "GET /admin/jsi18n/ HTTP/1.1" 200 3342
INFO 2024-06-11 12:34:50,513 basehttp "POST /admin/review_system/productreviews/add/ HTTP/1.1" 302 0
INFO 2024-06-11 12:34:50,551 basehttp "GET /admin/review_system/productreviews/ HTTP/1.1" 200 15886
INFO 2024-06-11 12:34:50,597 basehttp "GET /admin/jsi18n/ HTTP/1.1" 200 3342
INFO 2024-06-11 12:35:01,693 basehttp "GET /admin/review_system/productreviews/add/ HTTP/1.1" 200 16829
INFO 2024-06-11 12:35:01,717 basehttp "GET /admin/jsi18n/ HTTP/1.1" 200 3342
INFO 2024-06-11 12:35:17,131 basehttp "POST /admin/review_system/productreviews/add/ HTTP/1.1" 302 0
INFO 2024-06-11 12:35:17,257 basehttp "GET /admin/review_system/productreviews/ HTTP/1.1" 200 16524
INFO 2024-06-11 12:35:17,287 basehttp "GET /admin/jsi18n/ HTTP/1.1" 200 3342
INFO 2024-06-11 12:36:12,714 autoreload E:\VE\Edwin Bleeker Review System\advanced_review_system\review_system\views.py changed, reloading.
INFO 2024-06-11 12:36:13,582 autoreload Watching for file changes with StatReloader
INFO 2024-06-11 12:36:23,587 basehttp "GET /admin/review_system/productreviews/ HTTP/1.1" 200 16293
INFO 2024-06-11 12:36:23,621 basehttp "GET /admin/jsi18n/ HTTP/1.1" 200 3342
INFO 2024-06-11 12:36:28,854 basehttp "GET /admin/review_system/productreviews/add/ HTTP/1.1" 200 16829
INFO 2024-06-11 12:36:28,886 basehttp "GET /admin/jsi18n/ HTTP/1.1" 200 3342
INFO 2024-06-11 12:36:44,987 basehttp "POST /admin/review_system/productreviews/add/ HTTP/1.1" 302 0
INFO 2024-06-11 12:36:45,033 basehttp "GET /admin/review_system/productreviews/ HTTP/1.1" 200 17162
INFO 2024-06-11 12:36:45,062 basehttp "GET /admin/jsi18n/ HTTP/1.1" 200 3342
INFO 2024-06-11 12:37:00,910 basehttp "GET /admin/review_system/reviewsettings/ HTTP/1.1" 200 11553
INFO 2024-06-11 12:37:00,938 basehttp "GET /admin/jsi18n/ HTTP/1.1" 200 3342
INFO 2024-06-11 12:37:03,943 basehttp "GET /admin/review_system/reviewsettings/6/change/ HTTP/1.1" 200 10612
INFO 2024-06-11 12:37:03,989 basehttp "GET /admin/jsi18n/ HTTP/1.1" 200 3342
INFO 2024-06-11 12:37:08,532 basehttp "POST /admin/review_system/reviewsettings/6/change/ HTTP/1.1" 302 0
INFO 2024-06-11 12:37:08,567 basehttp "GET /admin/review_system/reviewsettings/ HTTP/1.1" 200 11785
INFO 2024-06-11 12:37:08,591 basehttp "GET /admin/jsi18n/ HTTP/1.1" 200 3342
INFO 2024-06-11 12:37:10,489 basehttp "GET /admin/review_system/productreviews/ HTTP/1.1" 200 16931
INFO 2024-06-11 12:37:10,509 basehttp "GET /admin/jsi18n/ HTTP/1.1" 200 3342
INFO 2024-06-11 12:37:14,062 basehttp "GET /admin/review_system/productreviews/ HTTP/1.1" 200 16931
INFO 2024-06-11 12:37:14,078 basehttp "GET /admin/jsi18n/ HTTP/1.1" 200 3342
INFO 2024-06-11 12:37:16,817 basehttp "GET /admin/review_system/productreviews/add/ HTTP/1.1" 200 16829
INFO 2024-06-11 12:37:16,875 basehttp "GET /admin/jsi18n/ HTTP/1.1" 200 3342
INFO 2024-06-11 12:37:45,357 basehttp "POST /admin/review_system/productreviews/add/ HTTP/1.1" 302 0
INFO 2024-06-11 12:37:45,401 basehttp "GET /admin/review_system/productreviews/ HTTP/1.1" 200 17801
INFO 2024-06-11 12:37:45,435 basehttp "GET /admin/jsi18n/ HTTP/1.1" 200 3342
INFO 2024-06-11 12:49:19,928 autoreload E:\VE\Edwin Bleeker Review System\advanced_review_system\review_system\views.py changed, reloading.
INFO 2024-06-11 12:49:20,790 autoreload Watching for file changes with StatReloader
INFO 2024-06-11 12:49:28,947 basehttp "GET /admin/review_system/productreviews/ HTTP/1.1" 200 17570
INFO 2024-06-11 12:49:28,975 basehttp "GET /admin/jsi18n/ HTTP/1.1" 200 3342
INFO 2024-06-11 12:49:41,077 basehttp "GET /admin/review_system/reviewsettings/ HTTP/1.1" 200 11553
INFO 2024-06-11 12:49:41,098 basehttp "GET /admin/jsi18n/ HTTP/1.1" 200 3342
INFO 2024-06-11 12:49:43,082 basehttp "GET /admin/review_system/reviewsettings/6/change/ HTTP/1.1" 200 10612
INFO 2024-06-11 12:49:43,113 basehttp "GET /admin/jsi18n/ HTTP/1.1" 200 3342
INFO 2024-06-11 12:49:46,414 basehttp "POST /admin/review_system/reviewsettings/6/change/ HTTP/1.1" 302 0
INFO 2024-06-11 12:49:46,455 basehttp "GET /admin/review_system/reviewsettings/ HTTP/1.1" 200 11785
INFO 2024-06-11 12:49:46,494 basehttp "GET /admin/jsi18n/ HTTP/1.1" 200 3342
INFO 2024-06-11 12:49:48,551 basehttp "GET /admin/review_system/productreviews/ HTTP/1.1" 200 17570
INFO 2024-06-11 12:49:48,582 basehttp "GET /admin/jsi18n/ HTTP/1.1" 200 3342
INFO 2024-06-11 12:49:49,866 basehttp "GET /admin/review_system/productreviews/add/ HTTP/1.1" 200 16829
INFO 2024-06-11 12:49:49,913 basehttp "GET /admin/jsi18n/ HTTP/1.1" 200 3342
INFO 2024-06-11 12:50:36,937 basehttp "POST /admin/review_system/productreviews/add/ HTTP/1.1" 302 0
INFO 2024-06-11 12:50:36,980 basehttp "GET /admin/review_system/productreviews/ HTTP/1.1" 200 18536
INFO 2024-06-11 12:50:37,032 basehttp "GET /admin/jsi18n/ HTTP/1.1" 200 3342
INFO 2024-06-11 12:50:37,123 basehttp "GET /media/uploaded_images/uran-wang-bLFEIINxVM8-unsplash.jpg HTTP/1.1" 200 102944
INFO 2024-06-11 12:50:45,491 basehttp "GET /admin/review_system/productreviews/?domain=sugar.com HTTP/1.1" 200 17275
INFO 2024-06-11 12:50:45,517 basehttp "GET /media/uploaded_images/uran-wang-bLFEIINxVM8-unsplash.jpg HTTP/1.1" 304 0
INFO 2024-06-11 12:50:45,520 basehttp "GET /admin/jsi18n/ HTTP/1.1" 200 3342
INFO 2024-06-11 12:50:58,898 basehttp "POST /admin/review_system/productreviews/?domain=sugar.com HTTP/1.1" 200 9566
INFO 2024-06-11 12:51:00,203 basehttp "POST /admin/review_system/productreviews/?domain=sugar.com HTTP/1.1" 302 0
INFO 2024-06-11 12:51:00,250 basehttp "GET /admin/review_system/productreviews/?domain=sugar.com HTTP/1.1" 200 16696
INFO 2024-06-11 12:51:00,301 basehttp "GET /media/uploaded_images/uran-wang-bLFEIINxVM8-unsplash.jpg HTTP/1.1" 304 0
INFO 2024-06-11 12:51:00,305 basehttp "GET /admin/jsi18n/ HTTP/1.1" 200 3342
INFO 2024-06-11 12:51:03,501 basehttp "GET /admin/review_system/reviewsettings/ HTTP/1.1" 200 11553
INFO 2024-06-11 12:51:03,523 basehttp "GET /admin/jsi18n/ HTTP/1.1" 200 3342
INFO 2024-06-11 12:51:05,448 basehttp "GET /admin/review_system/reviewsettings/6/change/ HTTP/1.1" 200 10612
INFO 2024-06-11 12:51:05,480 basehttp "GET /admin/jsi18n/ HTTP/1.1" 200 3342
INFO 2024-06-11 12:51:08,112 basehttp "POST /admin/review_system/reviewsettings/6/change/ HTTP/1.1" 302 0
INFO 2024-06-11 12:51:08,156 basehttp "GET /admin/review_system/reviewsettings/ HTTP/1.1" 200 11785
INFO 2024-06-11 12:51:08,212 basehttp "GET /admin/jsi18n/ HTTP/1.1" 200 3342
INFO 2024-06-11 12:51:09,515 basehttp "GET /admin/review_system/productreviews/ HTTP/1.1" 200 17660
INFO 2024-06-11 12:51:09,536 basehttp "GET /media/uploaded_images/uran-wang-bLFEIINxVM8-unsplash.jpg HTTP/1.1" 304 0
INFO 2024-06-11 12:51:09,539 basehttp "GET /admin/jsi18n/ HTTP/1.1" 200 3342
INFO 2024-06-11 12:51:10,927 basehttp "GET /admin/review_system/productreviews/add/ HTTP/1.1" 200 16829
INFO 2024-06-11 12:51:10,953 basehttp "GET /admin/jsi18n/ HTTP/1.1" 200 3342
INFO 2024-06-11 12:51:26,217 basehttp "POST /admin/review_system/productreviews/add/ HTTP/1.1" 302 0
INFO 2024-06-11 12:51:26,263 basehttp "GET /admin/review_system/productreviews/ HTTP/1.1" 200 18635
INFO 2024-06-11 12:51:26,322 basehttp "GET /admin/jsi18n/ HTTP/1.1" 200 3342
INFO 2024-06-11 12:51:26,327 basehttp "GET /media/uploaded_images/uran-wang-bLFEIINxVM8-unsplash_21c936G.jpg HTTP/1.1" 200 102944
INFO 2024-06-11 12:51:26,331 basehttp "GET /media/uploaded_images/uran-wang-bLFEIINxVM8-unsplash.jpg HTTP/1.1" 304 0
INFO 2024-06-11 12:51:37,772 basehttp "GET /admin/review_system/productreviews/?domain=sugar.com HTTP/1.1" 200 17374
INFO 2024-06-11 12:51:37,794 basehttp "GET /media/uploaded_images/uran-wang-bLFEIINxVM8-unsplash_21c936G.jpg HTTP/1.1" 304 0
INFO 2024-06-11 12:51:37,814 basehttp "GET /admin/jsi18n/ HTTP/1.1" 200 3342
INFO 2024-06-11 12:51:37,831 basehttp "GET /media/uploaded_images/uran-wang-bLFEIINxVM8-unsplash.jpg HTTP/1.1" 304 0
WARNING 2024-06-11 12:53:07,531 log Bad Request: /api/reviews
WARNING 2024-06-11 12:53:07,531 basehttp "POST /api/reviews HTTP/1.1" 400 186
INFO 2024-06-11 12:53:37,615 autoreload E:\VE\Edwin Bleeker Review System\advanced_review_system\review_system\models.py changed, reloading.
INFO 2024-06-11 12:53:38,623 autoreload Watching for file changes with StatReloader
WARNING 2024-06-11 12:53:48,497 log Bad Request: /api/reviews
WARNING 2024-06-11 12:53:48,498 basehttp "POST /api/reviews HTTP/1.1" 400 186
WARNING 2024-06-11 12:54:16,009 log Bad Request: /api/reviews
WARNING 2024-06-11 12:54:16,010 basehttp "POST /api/reviews HTTP/1.1" 400 186
WARNING 2024-06-11 12:54:29,384 log Bad Request: /api/reviews
WARNING 2024-06-11 12:54:29,384 basehttp "POST /api/reviews HTTP/1.1" 400 186
INFO 2024-06-11 13:13:25,034 autoreload Watching for file changes with StatReloader
WARNING 2024-06-11 13:13:35,580 log Bad Request: /api/reviews
WARNING 2024-06-11 13:13:35,580 basehttp "POST /api/reviews HTTP/1.1" 400 186
WARNING 2024-06-11 13:13:48,266 log Bad Request: /api/reviews
WARNING 2024-06-11 13:13:48,267 basehttp "POST /api/reviews HTTP/1.1" 400 186
INFO 2024-06-11 13:14:32,744 basehttp "GET /admin/review_system/productreviews/add/?_changelist_filters=domain%3Dsugar.com HTTP/1.1" 200 16345
INFO 2024-06-11 13:14:32,774 basehttp "GET /admin/jsi18n/ HTTP/1.1" 200 3342
WARNING 2024-06-11 13:14:58,878 log Bad Request: /api/reviews
WARNING 2024-06-11 13:14:58,879 basehttp "POST /api/reviews HTTP/1.1" 400 186
INFO 2024-06-11 13:15:11,356 basehttp "GET /api/reviews?domain=noise.com HTTP/1.1" 200 676
WARNING 2024-06-11 13:16:29,185 log Bad Request: /api/reviews
WARNING 2024-06-11 13:16:29,186 basehttp "POST /api/reviews HTTP/1.1" 400 186
INFO 2024-06-11 13:16:48,596 autoreload E:\VE\Edwin Bleeker Review System\advanced_review_system\review_system\serializers.py changed, reloading.
INFO 2024-06-11 13:16:49,452 autoreload Watching for file changes with StatReloader
INFO 2024-06-11 13:16:52,214 basehttp "POST /api/reviews HTTP/1.1" 201 678
INFO 2024-06-11 13:17:10,422 basehttp "GET /admin/review_system/productreviews/ HTTP/1.1" 200 19122
INFO 2024-06-11 13:17:10,453 basehttp "GET /admin/jsi18n/ HTTP/1.1" 200 3342
INFO 2024-06-11 13:17:10,544 basehttp "GET /media/uploaded_images/uran-wang-bLFEIINxVM8-unsplash_21c936G.jpg HTTP/1.1" 304 0
INFO 2024-06-11 13:17:10,553 basehttp "GET /media/uploaded_images/uran-wang-bLFEIINxVM8-unsplash.jpg HTTP/1.1" 304 0
INFO 2024-06-11 13:17:23,339 basehttp "GET /admin/review_system/reviewsettings/ HTTP/1.1" 200 11553
INFO 2024-06-11 13:17:23,366 basehttp "GET /admin/jsi18n/ HTTP/1.1" 200 3342
INFO 2024-06-11 13:17:25,786 basehttp "GET /admin/review_system/reviewsettings/6/change/ HTTP/1.1" 200 10612
INFO 2024-06-11 13:17:25,813 basehttp "GET /admin/jsi18n/ HTTP/1.1" 200 3342
INFO 2024-06-11 13:17:28,824 basehttp "POST /admin/review_system/reviewsettings/6/change/ HTTP/1.1" 302 0
INFO 2024-06-11 13:17:28,863 basehttp "GET /admin/review_system/reviewsettings/ HTTP/1.1" 200 11785
INFO 2024-06-11 13:17:28,901 basehttp "GET /admin/jsi18n/ HTTP/1.1" 200 3342
INFO 2024-06-11 13:17:31,835 basehttp "GET /admin/review_system/productreviews/ HTTP/1.1" 200 19122
INFO 2024-06-11 13:17:31,865 basehttp "GET /admin/jsi18n/ HTTP/1.1" 200 3342
INFO 2024-06-11 13:17:59,151 basehttp "POST /api/reviews HTTP/1.1" 201 456
INFO 2024-06-11 13:18:11,086 basehttp "GET /admin/review_system/productreviews/ HTTP/1.1" 200 19781
INFO 2024-06-11 13:18:11,107 basehttp "GET /admin/jsi18n/ HTTP/1.1" 200 3342
INFO 2024-06-11 13:20:23,637 autoreload E:\VE\Edwin Bleeker Review System\advanced_review_system\review_system\admin.py changed, reloading.
INFO 2024-06-11 13:20:24,514 autoreload Watching for file changes with StatReloader
INFO 2024-06-11 13:24:10,636 autoreload E:\VE\Edwin Bleeker Review System\advanced_review_system\review_system\views.py changed, reloading.
INFO 2024-06-11 13:24:11,678 autoreload Watching for file changes with StatReloader
INFO 2024-06-11 13:24:16,233 basehttp "GET /admin/review_system/productreviews/ HTTP/1.1" 200 19781
INFO 2024-06-11 13:24:16,254 basehttp "GET /admin/jsi18n/ HTTP/1.1" 200 3342
INFO 2024-06-11 13:24:16,265 basehttp "GET /media/uploaded_images/uran-wang-bLFEIINxVM8-unsplash_21c936G.jpg HTTP/1.1" 304 0
INFO 2024-06-11 13:24:16,285 basehttp "GET /media/uploaded_images/uran-wang-bLFEIINxVM8-unsplash.jpg HTTP/1.1" 304 0
INFO 2024-06-11 13:24:55,364 basehttp "GET /admin/review_system/productreviews/?domain=noise.com HTTP/1.1" 200 16523
INFO 2024-06-11 13:24:55,389 basehttp "GET /admin/jsi18n/ HTTP/1.1" 200 3342
INFO 2024-06-11 13:25:00,889 basehttp "GET /admin/review_system/productreviews/add/?_changelist_filters=domain%3Dnoise.com HTTP/1.1" 200 16345
INFO 2024-06-11 13:25:00,918 basehttp "GET /admin/jsi18n/ HTTP/1.1" 200 3342
INFO 2024-06-11 13:25:12,388 basehttp "POST /admin/review_system/productreviews/add/?_changelist_filters=domain%3Dnoise.com HTTP/1.1" 302 0
INFO 2024-06-11 13:25:12,438 basehttp "GET /admin/review_system/productreviews/?domain=noise.com HTTP/1.1" 200 17472
INFO 2024-06-11 13:25:12,471 basehttp "GET /admin/jsi18n/ HTTP/1.1" 200 3342
INFO 2024-06-11 13:26:49,957 autoreload E:\VE\Edwin Bleeker Review System\advanced_review_system\review_system\views.py changed, reloading.
INFO 2024-06-11 13:26:50,806 autoreload Watching for file changes with StatReloader
DEBUG 2024-06-11 13:26:50,992 autoreload Apps ready_event triggered. Sending autoreload_started signal.
DEBUG 2024-06-11 13:26:51,025 autoreload Watching dir E:\VE\Edwin Bleeker Review System\advanced_review_system\templates with glob **/*.
DEBUG 2024-06-11 13:26:51,025 autoreload Watching dir E:\VE\Edwin Bleeker Review System\advanced_review_system\venv\Lib\site-packages\rest_framework\templates with glob **/*.
DEBUG 2024-06-11 13:26:51,026 autoreload Watching dir E:\VE\Edwin Bleeker Review System\advanced_review_system with glob **/*.
DEBUG 2024-06-11 13:26:51,026 autoreload Watching dir E:\VE\Edwin Bleeker Review System\advanced_review_system\locale with glob **/*.mo.
DEBUG 2024-06-11 13:26:51,027 autoreload Watching dir E:\VE\Edwin Bleeker Review System\advanced_review_system\api\locale with glob **/*.mo.
DEBUG 2024-06-11 13:26:51,028 autoreload Watching dir E:\VE\Edwin Bleeker Review System\advanced_review_system\venv\Lib\site-packages\rest_framework\locale with glob **/*.mo.
DEBUG 2024-06-11 13:26:51,028 autoreload Watching dir E:\VE\Edwin Bleeker Review System\advanced_review_system\venv\Lib\site-packages\rest_framework_simplejwt\locale with glob **/*.mo.
DEBUG 2024-06-11 13:26:51,028 autoreload Watching dir E:\VE\Edwin Bleeker Review System\advanced_review_system\venv\Lib\site-packages\rest_framework_simplejwt\token_blacklist\locale with glob **/*.mo.
DEBUG 2024-06-11 13:26:51,029 autoreload Watching dir E:\VE\Edwin Bleeker Review System\advanced_review_system\venv\Lib\site-packages\corsheaders\locale with glob **/*.mo.
DEBUG 2024-06-11 13:26:51,029 autoreload Watching dir E:\VE\Edwin Bleeker Review System\advanced_review_system\review_system\locale with glob **/*.mo.
DEBUG 2024-06-11 13:26:51,098 utils (0.000) 
            SELECT name, type FROM sqlite_master
            WHERE type in ('table', 'view') AND NOT name='sqlite_sequence'
            ORDER BY name; args=None; alias=default
DEBUG 2024-06-11 13:26:51,101 utils (0.000) SELECT "django_migrations"."id", "django_migrations"."app", "django_migrations"."name", "django_migrations"."applied" FROM "django_migrations"; args=(); alias=default
INFO 2024-06-11 13:27:07,356 autoreload E:\VE\Edwin Bleeker Review System\advanced_review_system\review_system\views.py changed, reloading.
INFO 2024-06-11 13:27:08,201 autoreload Watching for file changes with StatReloader
INFO 2024-06-11 13:27:25,510 basehttp "GET /admin/review_system/productreviews/?domain=xyz.com HTTP/1.1" 200 15797
INFO 2024-06-11 13:27:25,568 basehttp "GET /admin/jsi18n/ HTTP/1.1" 200 3342
INFO 2024-06-11 13:27:29,276 basehttp "GET /admin/review_system/reviewsettings/ HTTP/1.1" 200 11712
INFO 2024-06-11 13:27:29,332 basehttp "GET /admin/jsi18n/ HTTP/1.1" 200 3342
INFO 2024-06-11 13:27:33,412 basehttp "GET /admin/review_system/reviewsettings/6/change/ HTTP/1.1" 200 10612
INFO 2024-06-11 13:27:33,467 basehttp "GET /admin/jsi18n/ HTTP/1.1" 200 3342
INFO 2024-06-11 13:27:36,093 basehttp "POST /admin/review_system/reviewsettings/6/change/ HTTP/1.1" 302 0
INFO 2024-06-11 13:27:36,134 basehttp "GET /admin/review_system/reviewsettings/ HTTP/1.1" 200 11944
INFO 2024-06-11 13:27:36,189 basehttp "GET /admin/jsi18n/ HTTP/1.1" 200 3342
INFO 2024-06-11 13:27:53,588 basehttp "POST /api/reviews HTTP/1.1" 201 454
INFO 2024-06-11 13:28:14,052 basehttp "GET /admin/review_system/reviewsettings/ HTTP/1.1" 200 11712
INFO 2024-06-11 13:28:14,071 basehttp "GET /admin/jsi18n/ HTTP/1.1" 200 3342
INFO 2024-06-11 13:28:15,769 basehttp "GET /admin/review_system/productreviews/ HTTP/1.1" 200 21082
INFO 2024-06-11 13:28:15,805 basehttp "GET /admin/jsi18n/ HTTP/1.1" 200 3342
INFO 2024-06-11 13:28:15,826 basehttp "GET /media/uploaded_images/uran-wang-bLFEIINxVM8-unsplash_21c936G.jpg HTTP/1.1" 304 0
INFO 2024-06-11 13:28:15,831 basehttp "GET /media/uploaded_images/uran-wang-bLFEIINxVM8-unsplash.jpg HTTP/1.1" 304 0
INFO 2024-06-11 13:28:18,233 basehttp "GET /admin/review_system/productreviews/?domain=xyz.com HTTP/1.1" 200 16530
INFO 2024-06-11 13:28:18,255 basehttp "GET /admin/jsi18n/ HTTP/1.1" 200 3342
INFO 2024-06-11 13:28:24,744 basehttp "GET /admin/review_system/productreviews/?domain=sugar.com HTTP/1.1" 200 17434
INFO 2024-06-11 13:28:24,778 basehttp "GET /admin/jsi18n/ HTTP/1.1" 200 3342
INFO 2024-06-11 13:28:49,895 basehttp "POST /api/reviews HTTP/1.1" 201 456
INFO 2024-06-11 13:28:59,333 basehttp "GET /admin/review_system/productreviews/?domain=sugar.com HTTP/1.1" 200 18173
INFO 2024-06-11 13:28:59,390 basehttp "GET /admin/jsi18n/ HTTP/1.1" 200 3342
INFO 2024-06-11 13:29:02,232 basehttp "GET /admin/review_system/productreviews/ HTTP/1.1" 200 21743
INFO 2024-06-11 13:29:02,259 basehttp "GET /admin/jsi18n/ HTTP/1.1" 200 3342
INFO 2024-06-11 13:29:08,324 basehttp "GET /admin/review_system/productreviews/?domain=noise.com HTTP/1.1" 200 17241
INFO 2024-06-11 13:29:08,346 basehttp "GET /admin/jsi18n/ HTTP/1.1" 200 3342
INFO 2024-06-11 13:29:14,361 basehttp "GET /admin/review_system/reviewsettings/ HTTP/1.1" 200 11712
INFO 2024-06-11 13:29:14,392 basehttp "GET /admin/jsi18n/ HTTP/1.1" 200 3342
INFO 2024-06-11 13:29:18,617 basehttp "GET /admin/review_system/reviewsettings/6/change/ HTTP/1.1" 200 10612
INFO 2024-06-11 13:29:18,645 basehttp "GET /admin/jsi18n/ HTTP/1.1" 200 3342
INFO 2024-06-11 13:29:21,552 basehttp "POST /admin/review_system/reviewsettings/6/change/ HTTP/1.1" 302 0
INFO 2024-06-11 13:29:21,594 basehttp "GET /admin/review_system/reviewsettings/ HTTP/1.1" 200 11944
INFO 2024-06-11 13:29:21,633 basehttp "GET /admin/jsi18n/ HTTP/1.1" 200 3342
INFO 2024-06-11 13:29:23,426 basehttp "GET /admin/review_system/productreviews/ HTTP/1.1" 200 21743
INFO 2024-06-11 13:29:23,471 basehttp "GET /admin/jsi18n/ HTTP/1.1" 200 3342
INFO 2024-06-11 13:29:26,521 basehttp "GET /admin/review_system/productreviews/?domain=noise.com HTTP/1.1" 200 17241
INFO 2024-06-11 13:29:26,542 basehttp "GET /admin/jsi18n/ HTTP/1.1" 200 3342
INFO 2024-06-11 13:29:30,457 basehttp "POST /api/reviews HTTP/1.1" 201 456
INFO 2024-06-11 13:29:35,804 basehttp "GET /admin/review_system/productreviews/?domain=sugar.com HTTP/1.1" 200 18912
INFO 2024-06-11 13:29:35,854 basehttp "GET /admin/jsi18n/ HTTP/1.1" 200 3342
INFO 2024-06-11 13:29:37,706 basehttp "GET /admin/review_system/productreviews/?domain=noise.com HTTP/1.1" 200 17241
INFO 2024-06-11 13:29:37,728 basehttp "GET /admin/jsi18n/ HTTP/1.1" 200 3342
INFO 2024-06-11 13:30:03,886 autoreload E:\VE\Edwin Bleeker Review System\advanced_review_system\review_system\views.py changed, reloading.
INFO 2024-06-11 13:30:04,759 autoreload Watching for file changes with StatReloader
INFO 2024-06-11 13:30:39,387 autoreload E:\VE\Edwin Bleeker Review System\advanced_review_system\review_system\views.py changed, reloading.
INFO 2024-06-11 13:30:40,211 autoreload Watching for file changes with StatReloader
INFO 2024-06-11 13:31:00,998 autoreload E:\VE\Edwin Bleeker Review System\advanced_review_system\review_system\views.py changed, reloading.
INFO 2024-06-11 13:31:01,934 autoreload Watching for file changes with StatReloader
INFO 2024-06-11 14:22:24,245 basehttp "GET /admin/review_system/productreviews/ HTTP/1.1" 200 22404
INFO 2024-06-11 14:22:24,281 basehttp "GET /media/uploaded_images/uran-wang-bLFEIINxVM8-unsplash_21c936G.jpg HTTP/1.1" 304 0
INFO 2024-06-11 14:22:24,290 basehttp "GET /admin/jsi18n/ HTTP/1.1" 200 3342
INFO 2024-06-11 14:22:24,301 basehttp "GET /media/uploaded_images/uran-wang-bLFEIINxVM8-unsplash.jpg HTTP/1.1" 304 0
INFO 2024-06-11 16:28:28,246 autoreload E:\VE\Edwin Bleeker Review System\advanced_review_system\api\views.py changed, reloading.
INFO 2024-06-11 16:28:29,621 autoreload Watching for file changes with StatReloader
INFO 2024-06-11 17:01:04,987 autoreload E:\VE\Edwin Bleeker Review System\advanced_review_system\advanced_review_system\settings.py changed, reloading.
INFO 2024-06-11 17:01:06,043 autoreload Watching for file changes with StatReloader
INFO 2024-06-12 10:47:41,288 autoreload E:\VE\Edwin Bleeker Review System\advanced_review_system\review_system\models.py changed, reloading.
INFO 2024-06-12 10:47:42,585 autoreload Watching for file changes with StatReloader
INFO 2024-06-12 10:47:59,236 autoreload E:\VE\Edwin Bleeker Review System\advanced_review_system\review_system\models.py changed, reloading.
INFO 2024-06-12 10:48:00,175 autoreload Watching for file changes with StatReloader
INFO 2024-06-12 10:48:26,845 autoreload E:\VE\Edwin Bleeker Review System\advanced_review_system\review_system\views.py changed, reloading.
INFO 2024-06-12 10:48:27,742 autoreload Watching for file changes with StatReloader
INFO 2024-06-12 10:49:25,878 basehttp "GET /admin/review_system/productreviews/ HTTP/1.1" 200 22404
INFO 2024-06-12 10:49:25,932 basehttp "GET /admin/jsi18n/ HTTP/1.1" 200 3342
INFO 2024-06-12 10:49:26,109 basehttp "GET /media/uploaded_images/uran-wang-bLFEIINxVM8-unsplash_21c936G.jpg HTTP/1.1" 304 0
INFO 2024-06-12 10:49:26,109 basehttp "GET /media/uploaded_images/uran-wang-bLFEIINxVM8-unsplash.jpg HTTP/1.1" 304 0
INFO 2024-06-12 10:52:11,286 autoreload Watching for file changes with StatReloader
INFO 2024-06-12 10:52:18,966 basehttp "GET /admin/review_system/productreviews/ HTTP/1.1" 200 22404
INFO 2024-06-12 10:52:18,992 basehttp "GET /admin/jsi18n/ HTTP/1.1" 200 3342
INFO 2024-06-12 10:52:24,689 basehttp "GET /admin/review_system/reviewlistdesign/ HTTP/1.1" 200 10933
INFO 2024-06-12 10:52:24,718 basehttp "GET /admin/jsi18n/ HTTP/1.1" 200 3342
INFO 2024-06-12 10:52:26,554 basehttp "GET /admin/review_system/reviewformdesign/ HTTP/1.1" 200 10933
INFO 2024-06-12 10:52:26,582 basehttp "GET /admin/jsi18n/ HTTP/1.1" 200 3342
INFO 2024-06-12 10:52:28,393 basehttp "GET /admin/review_system/reviewformdesign/add/ HTTP/1.1" 200 14234
INFO 2024-06-12 10:52:28,436 basehttp "GET /admin/jsi18n/ HTTP/1.1" 200 3342
INFO 2024-06-12 10:52:56,470 basehttp "POST /admin/review_system/reviewformdesign/add/ HTTP/1.1" 302 0
INFO 2024-06-12 10:52:56,508 basehttp "GET /admin/review_system/reviewformdesign/ HTTP/1.1" 200 13980
INFO 2024-06-12 10:52:56,536 basehttp "GET /admin/jsi18n/ HTTP/1.1" 200 3342
INFO 2024-06-12 10:52:58,320 basehttp "GET /admin/review_system/reviewlistdesign/ HTTP/1.1" 200 10933
INFO 2024-06-12 10:52:58,370 basehttp "GET /admin/jsi18n/ HTTP/1.1" 200 3342
INFO 2024-06-12 10:53:00,117 basehttp "GET /admin/review_system/reviewlistdesign/add/ HTTP/1.1" 200 12251
INFO 2024-06-12 10:53:00,242 basehttp "GET /admin/jsi18n/ HTTP/1.1" 200 3342
INFO 2024-06-12 10:53:40,747 basehttp "POST /admin/review_system/reviewlistdesign/add/ HTTP/1.1" 302 0
INFO 2024-06-12 10:53:40,789 basehttp "GET /admin/review_system/reviewlistdesign/ HTTP/1.1" 200 13352
INFO 2024-06-12 10:53:40,826 basehttp "GET /admin/jsi18n/ HTTP/1.1" 200 3342
INFO 2024-06-12 10:53:42,429 basehttp "GET /admin/review_system/reviewsettings/ HTTP/1.1" 200 11712
INFO 2024-06-12 10:53:42,459 basehttp "GET /admin/jsi18n/ HTTP/1.1" 200 3342
INFO 2024-06-12 10:54:38,579 autoreload E:\VE\Edwin Bleeker Review System\advanced_review_system\review_system\admin.py changed, reloading.
INFO 2024-06-12 10:54:39,561 autoreload Watching for file changes with StatReloader
INFO 2024-06-12 10:54:42,087 basehttp "GET /admin/review_system/productreviews/ HTTP/1.1" 200 22404
INFO 2024-06-12 10:54:42,128 basehttp "GET /admin/jsi18n/ HTTP/1.1" 200 3342
INFO 2024-06-12 10:54:43,650 basehttp "GET /admin/review_system/reviewsettings/ HTTP/1.1" 200 11772
INFO 2024-06-12 10:54:43,673 basehttp "GET /admin/jsi18n/ HTTP/1.1" 200 3342
INFO 2024-06-12 10:54:52,089 basehttp "GET /admin/review_system/productreviews/ HTTP/1.1" 200 22404
INFO 2024-06-12 10:54:52,121 basehttp "GET /admin/jsi18n/ HTTP/1.1" 200 3342
INFO 2024-06-12 10:57:54,625 autoreload E:\VE\Edwin Bleeker Review System\advanced_review_system\review_system\serializers.py changed, reloading.
INFO 2024-06-12 10:57:55,606 autoreload Watching for file changes with StatReloader
INFO 2024-06-12 10:58:03,685 basehttp "GET /admin/review_system/productreviews/ HTTP/1.1" 200 22404
INFO 2024-06-12 10:58:03,714 basehttp "GET /admin/jsi18n/ HTTP/1.1" 200 3342
INFO 2024-06-12 10:58:06,084 basehttp "GET /admin/review_system/reviewformdesign/ HTTP/1.1" 200 13732
INFO 2024-06-12 10:58:06,108 basehttp "GET /admin/jsi18n/ HTTP/1.1" 200 3342
INFO 2024-06-12 10:58:07,766 basehttp "GET /admin/review_system/productreviews/ HTTP/1.1" 200 22404
INFO 2024-06-12 10:58:07,789 basehttp "GET /admin/jsi18n/ HTTP/1.1" 200 3342
INFO 2024-06-12 10:58:18,762 autoreload E:\VE\Edwin Bleeker Review System\advanced_review_system\review_system\serializers.py changed, reloading.
INFO 2024-06-12 10:58:19,691 autoreload Watching for file changes with StatReloader
INFO 2024-06-12 10:58:48,353 autoreload E:\VE\Edwin Bleeker Review System\advanced_review_system\review_system\admin.py changed, reloading.
INFO 2024-06-12 10:58:49,251 autoreload Watching for file changes with StatReloader
INFO 2024-06-12 10:58:59,606 basehttp "GET /admin/review_system/productreviews/ HTTP/1.1" 200 22404
INFO 2024-06-12 10:58:59,625 basehttp "GET /admin/jsi18n/ HTTP/1.1" 200 3342
INFO 2024-06-12 11:00:06,425 autoreload E:\VE\Edwin Bleeker Review System\advanced_review_system\review_system\admin.py changed, reloading.
INFO 2024-06-12 11:00:07,362 autoreload Watching for file changes with StatReloader
INFO 2024-06-12 11:00:11,761 basehttp "GET /admin/review_system/productreviews/ HTTP/1.1" 200 22414
INFO 2024-06-12 11:00:11,787 basehttp "GET /admin/jsi18n/ HTTP/1.1" 200 3342
INFO 2024-06-12 11:00:31,996 basehttp "GET /admin/review_system/productreviews/23/change/ HTTP/1.1" 200 16850
INFO 2024-06-12 11:00:32,023 basehttp "GET /admin/jsi18n/ HTTP/1.1" 200 3342
INFO 2024-06-12 11:00:33,428 basehttp "GET /admin/review_system/productreviews/ HTTP/1.1" 200 22414
INFO 2024-06-12 11:01:55,302 autoreload E:\VE\Edwin Bleeker Review System\advanced_review_system\review_system\admin.py changed, reloading.
INFO 2024-06-12 11:01:56,199 autoreload Watching for file changes with StatReloader
INFO 2024-06-12 11:02:03,321 basehttp "GET /admin/review_system/productreviews/ HTTP/1.1" 200 23207
INFO 2024-06-12 11:02:03,348 basehttp "GET /admin/jsi18n/ HTTP/1.1" 200 3342
INFO 2024-06-12 11:02:15,486 basehttp "GET /admin/review_system/productreviews/?status__exact=approve HTTP/1.1" 200 22204
INFO 2024-06-12 11:02:15,519 basehttp "GET /admin/jsi18n/ HTTP/1.1" 200 3342
INFO 2024-06-12 11:02:17,313 basehttp "GET /admin/review_system/productreviews/?status__exact=disapprove HTTP/1.1" 200 12875
INFO 2024-06-12 11:02:17,334 basehttp "GET /admin/jsi18n/ HTTP/1.1" 200 3342
INFO 2024-06-12 11:02:18,932 basehttp "GET /admin/review_system/productreviews/?status__exact=pending HTTP/1.1" 200 17855
INFO 2024-06-12 11:02:18,961 basehttp "GET /admin/jsi18n/ HTTP/1.1" 200 3342
INFO 2024-06-12 11:02:21,123 basehttp "GET /admin/review_system/productreviews/?status__exact=approve HTTP/1.1" 200 22204
INFO 2024-06-12 11:02:21,148 basehttp "GET /admin/jsi18n/ HTTP/1.1" 200 3342
INFO 2024-06-12 11:02:23,362 basehttp "GET /admin/review_system/productreviews/? HTTP/1.1" 200 23207
INFO 2024-06-12 11:02:23,388 basehttp "GET /admin/jsi18n/ HTTP/1.1" 200 3342
INFO 2024-06-12 11:02:56,007 autoreload E:\VE\Edwin Bleeker Review System\advanced_review_system\review_system\serializers.py changed, reloading.
INFO 2024-06-12 11:02:57,028 autoreload Watching for file changes with StatReloader
INFO 2024-06-12 11:28:11,973 autoreload Watching for file changes with StatReloader
INFO 2024-06-12 11:28:17,488 basehttp "GET /admin/review_system/productreviews/? HTTP/1.1" 200 23207
INFO 2024-06-12 11:28:17,509 basehttp "GET /admin/jsi18n/ HTTP/1.1" 200 3342
INFO 2024-06-12 11:28:19,345 basehttp "GET /admin/review_system/reviewsettings/ HTTP/1.1" 200 11772
INFO 2024-06-12 11:28:19,401 basehttp "GET /admin/jsi18n/ HTTP/1.1" 200 3342
INFO 2024-06-12 11:28:20,962 basehttp "GET /admin/review_system/reviewlistdesign/ HTTP/1.1" 200 13104
INFO 2024-06-12 11:28:20,997 basehttp "GET /admin/jsi18n/ HTTP/1.1" 200 3342
INFO 2024-06-12 11:28:21,873 basehttp "GET /admin/review_system/reviewformdesign/ HTTP/1.1" 200 13732
INFO 2024-06-12 11:28:21,933 basehttp "GET /admin/jsi18n/ HTTP/1.1" 200 3342
INFO 2024-06-12 11:28:24,714 basehttp "GET /admin/review_system/productreviews/ HTTP/1.1" 200 23207
INFO 2024-06-12 11:28:24,747 basehttp "GET /admin/jsi18n/ HTTP/1.1" 200 3342
INFO 2024-06-12 11:39:36,529 autoreload Watching for file changes with StatReloader
WARNING 2024-06-12 11:39:57,240 log Bad Request: /api/rating
WARNING 2024-06-12 11:39:57,241 basehttp "POST /api/rating HTTP/1.1" 400 107
INFO 2024-06-12 11:40:05,303 basehttp "POST /api/rating HTTP/1.1" 200 106
INFO 2024-06-12 11:55:50,706 basehttp "GET /admin/review_system/productreviews/add/ HTTP/1.1" 200 16296
INFO 2024-06-12 11:55:50,761 basehttp "GET /admin/jsi18n/ HTTP/1.1" 200 3342
INFO 2024-06-12 11:56:03,840 basehttp "GET /admin/review_system/productreviews/ HTTP/1.1" 200 23207
INFO 2024-06-12 11:56:03,874 basehttp "GET /admin/jsi18n/ HTTP/1.1" 200 3342
INFO 2024-06-12 12:16:53,201 autoreload Watching for file changes with StatReloader
WARNING 2024-06-12 12:17:01,018 log Bad Request: /api/review
WARNING 2024-06-12 12:17:01,022 basehttp "POST /api/review HTTP/1.1" 400 33
INFO 2024-06-12 12:17:22,483 basehttp "POST /api/review HTTP/1.1" 200 592
INFO 2024-06-12 12:24:58,060 autoreload Watching for file changes with StatReloader
INFO 2024-06-12 12:28:02,724 autoreload Watching for file changes with StatReloader
